Archive member included to satisfy reference by file (symbol)

c:/program files (x86)/atmel/studio/7.0/toolchain/avr8/avr8-gnu-toolchain/bin/../lib/gcc/avr/4.9.2/avrxmega6\libgcc.a(_exit.o)
                              C:/Program Files (x86)/Atmel/Studio/7.0/Packs/atmel/XMEGAC_DFP/1.0.29/gcc/dev/atxmega384c3/avrxmega6/crtatxmega384c3.o (exit)
c:/program files (x86)/atmel/studio/7.0/toolchain/avr8/avr8-gnu-toolchain/bin/../lib/gcc/avr/4.9.2/avrxmega6\libgcc.a(_copy_data.o)
                              FreeRTOSv9.0.0/FreeRTOS/Source/tasks.o (__do_copy_data)
c:/program files (x86)/atmel/studio/7.0/toolchain/avr8/avr8-gnu-toolchain/bin/../lib/gcc/avr/4.9.2/avrxmega6\libgcc.a(_clear_bss.o)
                              FreeRTOSv9.0.0/FreeRTOS/Source/portable/MemMang/heap_1.o (__do_clear_bss)
c:/program files (x86)/atmel/studio/7.0/toolchain/avr8/avr8-gnu-toolchain/bin/../lib/gcc/avr/4.9.2/../../../../avr/lib/avrxmega6\libc.a(memcpy.o)
                              FreeRTOSv9.0.0/FreeRTOS/Source/queue.o (memcpy)

Discarded input sections

 .data          0x00000000        0x0 C:/Program Files (x86)/Atmel/Studio/7.0/Packs/atmel/XMEGAC_DFP/1.0.29/gcc/dev/atxmega384c3/avrxmega6/crtatxmega384c3.o
 .bss           0x00000000        0x0 C:/Program Files (x86)/Atmel/Studio/7.0/Packs/atmel/XMEGAC_DFP/1.0.29/gcc/dev/atxmega384c3/avrxmega6/crtatxmega384c3.o
 .text          0x00000000        0x0 FreeRTOSv9.0.0/FreeRTOS/Source/croutine.o
 .data          0x00000000        0x0 FreeRTOSv9.0.0/FreeRTOS/Source/croutine.o
 .bss           0x00000000        0x0 FreeRTOSv9.0.0/FreeRTOS/Source/croutine.o
 .debug_info    0x00000000       0x64 FreeRTOSv9.0.0/FreeRTOS/Source/croutine.o
 .debug_abbrev  0x00000000       0x26 FreeRTOSv9.0.0/FreeRTOS/Source/croutine.o
 .debug_aranges
                0x00000000       0x18 FreeRTOSv9.0.0/FreeRTOS/Source/croutine.o
 .debug_line    0x00000000       0x1a FreeRTOSv9.0.0/FreeRTOS/Source/croutine.o
 .debug_str     0x00000000      0x1a2 FreeRTOSv9.0.0/FreeRTOS/Source/croutine.o
 .comment       0x00000000       0x31 FreeRTOSv9.0.0/FreeRTOS/Source/croutine.o
 .text          0x00000000        0x0 FreeRTOSv9.0.0/FreeRTOS/Source/event_groups.o
 .data          0x00000000        0x0 FreeRTOSv9.0.0/FreeRTOS/Source/event_groups.o
 .bss           0x00000000        0x0 FreeRTOSv9.0.0/FreeRTOS/Source/event_groups.o
 .text.xEventGroupCreate
                0x00000000       0x26 FreeRTOSv9.0.0/FreeRTOS/Source/event_groups.o
 .text.xEventGroupWaitBits
                0x00000000      0x110 FreeRTOSv9.0.0/FreeRTOS/Source/event_groups.o
 .text.xEventGroupClearBits
                0x00000000       0x1e FreeRTOSv9.0.0/FreeRTOS/Source/event_groups.o
 .text.xEventGroupGetBitsFromISR
                0x00000000        0x8 FreeRTOSv9.0.0/FreeRTOS/Source/event_groups.o
 .text.xEventGroupSetBits
                0x00000000       0xce FreeRTOSv9.0.0/FreeRTOS/Source/event_groups.o
 .text.xEventGroupSync
                0x00000000       0xce FreeRTOSv9.0.0/FreeRTOS/Source/event_groups.o
 .text.vEventGroupDelete
                0x00000000       0x32 FreeRTOSv9.0.0/FreeRTOS/Source/event_groups.o
 .text.vEventGroupSetBitsCallback
                0x00000000        0x8 FreeRTOSv9.0.0/FreeRTOS/Source/event_groups.o
 .text.vEventGroupClearBitsCallback
                0x00000000        0x8 FreeRTOSv9.0.0/FreeRTOS/Source/event_groups.o
 .debug_info    0x00000000      0x934 FreeRTOSv9.0.0/FreeRTOS/Source/event_groups.o
 .debug_abbrev  0x00000000      0x26b FreeRTOSv9.0.0/FreeRTOS/Source/event_groups.o
 .debug_loc     0x00000000      0xb0c FreeRTOSv9.0.0/FreeRTOS/Source/event_groups.o
 .debug_aranges
                0x00000000       0x60 FreeRTOSv9.0.0/FreeRTOS/Source/event_groups.o
 .debug_ranges  0x00000000       0x68 FreeRTOSv9.0.0/FreeRTOS/Source/event_groups.o
 .debug_line    0x00000000      0x302 FreeRTOSv9.0.0/FreeRTOS/Source/event_groups.o
 .debug_str     0x00000000      0x5c3 FreeRTOSv9.0.0/FreeRTOS/Source/event_groups.o
 .comment       0x00000000       0x31 FreeRTOSv9.0.0/FreeRTOS/Source/event_groups.o
 .debug_frame   0x00000000      0x14c FreeRTOSv9.0.0/FreeRTOS/Source/event_groups.o
 .text          0x00000000        0x0 FreeRTOSv9.0.0/FreeRTOS/Source/list.o
 .data          0x00000000        0x0 FreeRTOSv9.0.0/FreeRTOS/Source/list.o
 .bss           0x00000000        0x0 FreeRTOSv9.0.0/FreeRTOS/Source/list.o
 .text          0x00000000        0x0 FreeRTOSv9.0.0/FreeRTOS/Source/portable/GCC/ATMega323/pmic_driver.o
 .data          0x00000000        0x0 FreeRTOSv9.0.0/FreeRTOS/Source/portable/GCC/ATMega323/pmic_driver.o
 .bss           0x00000000        0x0 FreeRTOSv9.0.0/FreeRTOS/Source/portable/GCC/ATMega323/pmic_driver.o
 .text.PMIC_SetVectorLocationToBoot
                0x00000000       0x10 FreeRTOSv9.0.0/FreeRTOS/Source/portable/GCC/ATMega323/pmic_driver.o
 .text.PMIC_SetVectorLocationToApplication
                0x00000000       0x10 FreeRTOSv9.0.0/FreeRTOS/Source/portable/GCC/ATMega323/pmic_driver.o
 .debug_info    0x00000000      0x1f5 FreeRTOSv9.0.0/FreeRTOS/Source/portable/GCC/ATMega323/pmic_driver.o
 .debug_abbrev  0x00000000       0xc4 FreeRTOSv9.0.0/FreeRTOS/Source/portable/GCC/ATMega323/pmic_driver.o
 .debug_aranges
                0x00000000       0x28 FreeRTOSv9.0.0/FreeRTOS/Source/portable/GCC/ATMega323/pmic_driver.o
 .debug_ranges  0x00000000       0x18 FreeRTOSv9.0.0/FreeRTOS/Source/portable/GCC/ATMega323/pmic_driver.o
 .debug_line    0x00000000      0x14c FreeRTOSv9.0.0/FreeRTOS/Source/portable/GCC/ATMega323/pmic_driver.o
 .debug_str     0x00000000      0x30e FreeRTOSv9.0.0/FreeRTOS/Source/portable/GCC/ATMega323/pmic_driver.o
 .comment       0x00000000       0x31 FreeRTOSv9.0.0/FreeRTOS/Source/portable/GCC/ATMega323/pmic_driver.o
 .debug_frame   0x00000000       0x34 FreeRTOSv9.0.0/FreeRTOS/Source/portable/GCC/ATMega323/pmic_driver.o
 .text          0x00000000        0x0 FreeRTOSv9.0.0/FreeRTOS/Source/portable/GCC/ATMega323/port.o
 .data          0x00000000        0x0 FreeRTOSv9.0.0/FreeRTOS/Source/portable/GCC/ATMega323/port.o
 .bss           0x00000000        0x0 FreeRTOSv9.0.0/FreeRTOS/Source/portable/GCC/ATMega323/port.o
 .text.vPortEndScheduler
                0x00000000        0x2 FreeRTOSv9.0.0/FreeRTOS/Source/portable/GCC/ATMega323/port.o
 .text          0x00000000        0x0 FreeRTOSv9.0.0/FreeRTOS/Source/portable/GCC/ATMega323/TC_driver.o
 .data          0x00000000        0x0 FreeRTOSv9.0.0/FreeRTOS/Source/portable/GCC/ATMega323/TC_driver.o
 .bss           0x00000000        0x0 FreeRTOSv9.0.0/FreeRTOS/Source/portable/GCC/ATMega323/TC_driver.o
 .text.TC1_ConfigClockSource
                0x00000000        0xc FreeRTOSv9.0.0/FreeRTOS/Source/portable/GCC/ATMega323/TC_driver.o
 .text.TC0_ConfigWGM
                0x00000000        0xc FreeRTOSv9.0.0/FreeRTOS/Source/portable/GCC/ATMega323/TC_driver.o
 .text.TC1_ConfigWGM
                0x00000000        0xc FreeRTOSv9.0.0/FreeRTOS/Source/portable/GCC/ATMega323/TC_driver.o
 .text.TC0_ConfigInputCapture
                0x00000000        0xe FreeRTOSv9.0.0/FreeRTOS/Source/portable/GCC/ATMega323/TC_driver.o
 .text.TC1_ConfigInputCapture
                0x00000000        0xe FreeRTOSv9.0.0/FreeRTOS/Source/portable/GCC/ATMega323/TC_driver.o
 .text.TC0_EnableCCChannels
                0x00000000        0xc FreeRTOSv9.0.0/FreeRTOS/Source/portable/GCC/ATMega323/TC_driver.o
 .text.TC1_EnableCCChannels
                0x00000000        0xc FreeRTOSv9.0.0/FreeRTOS/Source/portable/GCC/ATMega323/TC_driver.o
 .text.TC0_DisableCCChannels
                0x00000000        0xe FreeRTOSv9.0.0/FreeRTOS/Source/portable/GCC/ATMega323/TC_driver.o
 .text.TC1_DisableCCChannels
                0x00000000        0xe FreeRTOSv9.0.0/FreeRTOS/Source/portable/GCC/ATMega323/TC_driver.o
 .text.TC1_SetOverflowIntLevel
                0x00000000        0xc FreeRTOSv9.0.0/FreeRTOS/Source/portable/GCC/ATMega323/TC_driver.o
 .text.TC0_SetErrorIntLevel
                0x00000000        0xc FreeRTOSv9.0.0/FreeRTOS/Source/portable/GCC/ATMega323/TC_driver.o
 .text.TC1_SetErrorIntLevel
                0x00000000        0xc FreeRTOSv9.0.0/FreeRTOS/Source/portable/GCC/ATMega323/TC_driver.o
 .text.TC0_SetCCAIntLevel
                0x00000000        0xc FreeRTOSv9.0.0/FreeRTOS/Source/portable/GCC/ATMega323/TC_driver.o
 .text.TC1_SetCCAIntLevel
                0x00000000        0xc FreeRTOSv9.0.0/FreeRTOS/Source/portable/GCC/ATMega323/TC_driver.o
 .text.TC0_SetCCBIntLevel
                0x00000000        0xc FreeRTOSv9.0.0/FreeRTOS/Source/portable/GCC/ATMega323/TC_driver.o
 .text.TC1_SetCCBIntLevel
                0x00000000        0xc FreeRTOSv9.0.0/FreeRTOS/Source/portable/GCC/ATMega323/TC_driver.o
 .text.TC0_SetCCCIntLevel
                0x00000000        0xc FreeRTOSv9.0.0/FreeRTOS/Source/portable/GCC/ATMega323/TC_driver.o
 .text.TC0_SetCCDIntLevel
                0x00000000        0xc FreeRTOSv9.0.0/FreeRTOS/Source/portable/GCC/ATMega323/TC_driver.o
 .text.TC0_Reset
                0x00000000        0xe FreeRTOSv9.0.0/FreeRTOS/Source/portable/GCC/ATMega323/TC_driver.o
 .text.TC1_Reset
                0x00000000        0xe FreeRTOSv9.0.0/FreeRTOS/Source/portable/GCC/ATMega323/TC_driver.o
 .text          0x00000000        0x0 FreeRTOSv9.0.0/FreeRTOS/Source/portable/MemMang/heap_1.o
 .data          0x00000000        0x0 FreeRTOSv9.0.0/FreeRTOS/Source/portable/MemMang/heap_1.o
 .bss           0x00000000        0x0 FreeRTOSv9.0.0/FreeRTOS/Source/portable/MemMang/heap_1.o
 .text.vPortInitialiseBlocks
                0x00000000        0xa FreeRTOSv9.0.0/FreeRTOS/Source/portable/MemMang/heap_1.o
 .text.xPortGetFreeHeapSize
                0x00000000       0x12 FreeRTOSv9.0.0/FreeRTOS/Source/portable/MemMang/heap_1.o
 .text          0x00000000        0x0 FreeRTOSv9.0.0/FreeRTOS/Source/queue.o
 .data          0x00000000        0x0 FreeRTOSv9.0.0/FreeRTOS/Source/queue.o
 .bss           0x00000000        0x0 FreeRTOSv9.0.0/FreeRTOS/Source/queue.o
 .text.prvCopyDataToQueue
                0x00000000       0x96 FreeRTOSv9.0.0/FreeRTOS/Source/queue.o
 .text.prvCopyDataFromQueue
                0x00000000       0x34 FreeRTOSv9.0.0/FreeRTOS/Source/queue.o
 .text.prvUnlockQueue
                0x00000000       0x9a FreeRTOSv9.0.0/FreeRTOS/Source/queue.o
 .text.xQueueGenericReset
                0x00000000       0x7a FreeRTOSv9.0.0/FreeRTOS/Source/queue.o
 .text.xQueueGenericCreate
                0x00000000       0x5a FreeRTOSv9.0.0/FreeRTOS/Source/queue.o
 .text.xQueueGenericSend
                0x00000000      0x138 FreeRTOSv9.0.0/FreeRTOS/Source/queue.o
 .text.xQueueGenericSendFromISR
                0x00000000       0x74 FreeRTOSv9.0.0/FreeRTOS/Source/queue.o
 .text.xQueueGiveFromISR
                0x00000000       0x52 FreeRTOSv9.0.0/FreeRTOS/Source/queue.o
 .text.xQueueGenericReceive
                0x00000000      0x160 FreeRTOSv9.0.0/FreeRTOS/Source/queue.o
 .text.xQueueReceiveFromISR
                0x00000000       0x6e FreeRTOSv9.0.0/FreeRTOS/Source/queue.o
 .text.xQueuePeekFromISR
                0x00000000       0x2e FreeRTOSv9.0.0/FreeRTOS/Source/queue.o
 .text.uxQueueMessagesWaiting
                0x00000000       0x10 FreeRTOSv9.0.0/FreeRTOS/Source/queue.o
 .text.uxQueueSpacesAvailable
                0x00000000       0x14 FreeRTOSv9.0.0/FreeRTOS/Source/queue.o
 .text.uxQueueMessagesWaitingFromISR
                0x00000000        0x6 FreeRTOSv9.0.0/FreeRTOS/Source/queue.o
 .text.vQueueDelete
                0x00000000        0x6 FreeRTOSv9.0.0/FreeRTOS/Source/queue.o
 .text.xQueueIsQueueEmptyFromISR
                0x00000000        0xc FreeRTOSv9.0.0/FreeRTOS/Source/queue.o
 .text.xQueueIsQueueFullFromISR
                0x00000000        0xe FreeRTOSv9.0.0/FreeRTOS/Source/queue.o
 .debug_info    0x00000000     0x111a FreeRTOSv9.0.0/FreeRTOS/Source/queue.o
 .debug_abbrev  0x00000000      0x2d4 FreeRTOSv9.0.0/FreeRTOS/Source/queue.o
 .debug_loc     0x00000000     0x138a FreeRTOSv9.0.0/FreeRTOS/Source/queue.o
 .debug_aranges
                0x00000000       0xa0 FreeRTOSv9.0.0/FreeRTOS/Source/queue.o
 .debug_ranges  0x00000000       0xf0 FreeRTOSv9.0.0/FreeRTOS/Source/queue.o
 .debug_line    0x00000000      0x45b FreeRTOSv9.0.0/FreeRTOS/Source/queue.o
 .debug_str     0x00000000      0x6ef FreeRTOSv9.0.0/FreeRTOS/Source/queue.o
 .comment       0x00000000       0x31 FreeRTOSv9.0.0/FreeRTOS/Source/queue.o
 .debug_frame   0x00000000      0x24c FreeRTOSv9.0.0/FreeRTOS/Source/queue.o
 .text          0x00000000        0x0 FreeRTOSv9.0.0/FreeRTOS/Source/tasks.o
 .data          0x00000000        0x0 FreeRTOSv9.0.0/FreeRTOS/Source/tasks.o
 .bss           0x00000000        0x0 FreeRTOSv9.0.0/FreeRTOS/Source/tasks.o
 .text.vTaskEndScheduler
                0x00000000        0xc FreeRTOSv9.0.0/FreeRTOS/Source/tasks.o
 .text.xTaskGetTickCount
                0x00000000       0x14 FreeRTOSv9.0.0/FreeRTOS/Source/tasks.o
 .text.xTaskGetTickCountFromISR
                0x00000000        0xa FreeRTOSv9.0.0/FreeRTOS/Source/tasks.o
 .text.uxTaskGetNumberOfTasks
                0x00000000        0x6 FreeRTOSv9.0.0/FreeRTOS/Source/tasks.o
 .text.pcTaskGetName
                0x00000000       0x10 FreeRTOSv9.0.0/FreeRTOS/Source/tasks.o
 .text.vTaskDelayUntil
                0x00000000       0x80 FreeRTOSv9.0.0/FreeRTOS/Source/tasks.o
 .text.vTaskPlaceOnEventList
                0x00000000       0x26 FreeRTOSv9.0.0/FreeRTOS/Source/tasks.o
 .text.vTaskPlaceOnUnorderedEventList
                0x00000000       0x32 FreeRTOSv9.0.0/FreeRTOS/Source/tasks.o
 .text.xTaskRemoveFromEventList
                0x00000000       0x90 FreeRTOSv9.0.0/FreeRTOS/Source/tasks.o
 .text.xTaskRemoveFromUnorderedEventList
                0x00000000       0x74 FreeRTOSv9.0.0/FreeRTOS/Source/tasks.o
 .text.vTaskSetTimeOutState
                0x00000000       0x16 FreeRTOSv9.0.0/FreeRTOS/Source/tasks.o
 .text.xTaskCheckForTimeOut
                0x00000000       0x64 FreeRTOSv9.0.0/FreeRTOS/Source/tasks.o
 .text.vTaskMissedYield
                0x00000000        0x8 FreeRTOSv9.0.0/FreeRTOS/Source/tasks.o
 .text.uxTaskResetEventItemValue
                0x00000000       0x2e FreeRTOSv9.0.0/FreeRTOS/Source/tasks.o
 .text.ulTaskNotifyTake
                0x00000000       0xb2 FreeRTOSv9.0.0/FreeRTOS/Source/tasks.o
 .text.xTaskNotifyWait
                0x00000000      0x108 FreeRTOSv9.0.0/FreeRTOS/Source/tasks.o
 .text.xTaskGenericNotify
                0x00000000       0xfc FreeRTOSv9.0.0/FreeRTOS/Source/tasks.o
 .text.xTaskGenericNotifyFromISR
                0x00000000      0x122 FreeRTOSv9.0.0/FreeRTOS/Source/tasks.o
 .text.vTaskNotifyGiveFromISR
                0x00000000       0xb6 FreeRTOSv9.0.0/FreeRTOS/Source/tasks.o
 .text.xTaskNotifyStateClear
                0x00000000       0x28 FreeRTOSv9.0.0/FreeRTOS/Source/tasks.o
 .text          0x00000000        0x0 FreeRTOSv9.0.0/FreeRTOS/Source/timers.o
 .data          0x00000000        0x0 FreeRTOSv9.0.0/FreeRTOS/Source/timers.o
 .bss           0x00000000        0x0 FreeRTOSv9.0.0/FreeRTOS/Source/timers.o
 .debug_info    0x00000000       0x64 FreeRTOSv9.0.0/FreeRTOS/Source/timers.o
 .debug_abbrev  0x00000000       0x26 FreeRTOSv9.0.0/FreeRTOS/Source/timers.o
 .debug_aranges
                0x00000000       0x18 FreeRTOSv9.0.0/FreeRTOS/Source/timers.o
 .debug_line    0x00000000       0x1a FreeRTOSv9.0.0/FreeRTOS/Source/timers.o
 .debug_str     0x00000000      0x1a0 FreeRTOSv9.0.0/FreeRTOS/Source/timers.o
 .comment       0x00000000       0x31 FreeRTOSv9.0.0/FreeRTOS/Source/timers.o
 .text          0x00000000        0x0 main.o
 .data          0x00000000        0x0 main.o
 .bss           0x00000000        0x0 main.o
 .text          0x00000000        0x0 c:/program files (x86)/atmel/studio/7.0/toolchain/avr8/avr8-gnu-toolchain/bin/../lib/gcc/avr/4.9.2/avrxmega6\libgcc.a(_exit.o)
 .data          0x00000000        0x0 c:/program files (x86)/atmel/studio/7.0/toolchain/avr8/avr8-gnu-toolchain/bin/../lib/gcc/avr/4.9.2/avrxmega6\libgcc.a(_exit.o)
 .bss           0x00000000        0x0 c:/program files (x86)/atmel/studio/7.0/toolchain/avr8/avr8-gnu-toolchain/bin/../lib/gcc/avr/4.9.2/avrxmega6\libgcc.a(_exit.o)
 .text.libgcc.mul
                0x00000000        0x0 c:/program files (x86)/atmel/studio/7.0/toolchain/avr8/avr8-gnu-toolchain/bin/../lib/gcc/avr/4.9.2/avrxmega6\libgcc.a(_exit.o)
 .text.libgcc.div
                0x00000000        0x0 c:/program files (x86)/atmel/studio/7.0/toolchain/avr8/avr8-gnu-toolchain/bin/../lib/gcc/avr/4.9.2/avrxmega6\libgcc.a(_exit.o)
 .text.libgcc   0x00000000        0x0 c:/program files (x86)/atmel/studio/7.0/toolchain/avr8/avr8-gnu-toolchain/bin/../lib/gcc/avr/4.9.2/avrxmega6\libgcc.a(_exit.o)
 .text.libgcc.prologue
                0x00000000        0x0 c:/program files (x86)/atmel/studio/7.0/toolchain/avr8/avr8-gnu-toolchain/bin/../lib/gcc/avr/4.9.2/avrxmega6\libgcc.a(_exit.o)
 .text.libgcc.builtins
                0x00000000        0x0 c:/program files (x86)/atmel/studio/7.0/toolchain/avr8/avr8-gnu-toolchain/bin/../lib/gcc/avr/4.9.2/avrxmega6\libgcc.a(_exit.o)
 .text.libgcc.fmul
                0x00000000        0x0 c:/program files (x86)/atmel/studio/7.0/toolchain/avr8/avr8-gnu-toolchain/bin/../lib/gcc/avr/4.9.2/avrxmega6\libgcc.a(_exit.o)
 .text.libgcc.fixed
                0x00000000        0x0 c:/program files (x86)/atmel/studio/7.0/toolchain/avr8/avr8-gnu-toolchain/bin/../lib/gcc/avr/4.9.2/avrxmega6\libgcc.a(_exit.o)
 .text          0x00000000        0x0 c:/program files (x86)/atmel/studio/7.0/toolchain/avr8/avr8-gnu-toolchain/bin/../lib/gcc/avr/4.9.2/avrxmega6\libgcc.a(_copy_data.o)
 .data          0x00000000        0x0 c:/program files (x86)/atmel/studio/7.0/toolchain/avr8/avr8-gnu-toolchain/bin/../lib/gcc/avr/4.9.2/avrxmega6\libgcc.a(_copy_data.o)
 .bss           0x00000000        0x0 c:/program files (x86)/atmel/studio/7.0/toolchain/avr8/avr8-gnu-toolchain/bin/../lib/gcc/avr/4.9.2/avrxmega6\libgcc.a(_copy_data.o)
 .text.libgcc.mul
                0x00000000        0x0 c:/program files (x86)/atmel/studio/7.0/toolchain/avr8/avr8-gnu-toolchain/bin/../lib/gcc/avr/4.9.2/avrxmega6\libgcc.a(_copy_data.o)
 .text.libgcc.div
                0x00000000        0x0 c:/program files (x86)/atmel/studio/7.0/toolchain/avr8/avr8-gnu-toolchain/bin/../lib/gcc/avr/4.9.2/avrxmega6\libgcc.a(_copy_data.o)
 .text.libgcc   0x00000000        0x0 c:/program files (x86)/atmel/studio/7.0/toolchain/avr8/avr8-gnu-toolchain/bin/../lib/gcc/avr/4.9.2/avrxmega6\libgcc.a(_copy_data.o)
 .text.libgcc.prologue
                0x00000000        0x0 c:/program files (x86)/atmel/studio/7.0/toolchain/avr8/avr8-gnu-toolchain/bin/../lib/gcc/avr/4.9.2/avrxmega6\libgcc.a(_copy_data.o)
 .text.libgcc.builtins
                0x00000000        0x0 c:/program files (x86)/atmel/studio/7.0/toolchain/avr8/avr8-gnu-toolchain/bin/../lib/gcc/avr/4.9.2/avrxmega6\libgcc.a(_copy_data.o)
 .text.libgcc.fmul
                0x00000000        0x0 c:/program files (x86)/atmel/studio/7.0/toolchain/avr8/avr8-gnu-toolchain/bin/../lib/gcc/avr/4.9.2/avrxmega6\libgcc.a(_copy_data.o)
 .text.libgcc.fixed
                0x00000000        0x0 c:/program files (x86)/atmel/studio/7.0/toolchain/avr8/avr8-gnu-toolchain/bin/../lib/gcc/avr/4.9.2/avrxmega6\libgcc.a(_copy_data.o)
 .text          0x00000000        0x0 c:/program files (x86)/atmel/studio/7.0/toolchain/avr8/avr8-gnu-toolchain/bin/../lib/gcc/avr/4.9.2/avrxmega6\libgcc.a(_clear_bss.o)
 .data          0x00000000        0x0 c:/program files (x86)/atmel/studio/7.0/toolchain/avr8/avr8-gnu-toolchain/bin/../lib/gcc/avr/4.9.2/avrxmega6\libgcc.a(_clear_bss.o)
 .bss           0x00000000        0x0 c:/program files (x86)/atmel/studio/7.0/toolchain/avr8/avr8-gnu-toolchain/bin/../lib/gcc/avr/4.9.2/avrxmega6\libgcc.a(_clear_bss.o)
 .text.libgcc.mul
                0x00000000        0x0 c:/program files (x86)/atmel/studio/7.0/toolchain/avr8/avr8-gnu-toolchain/bin/../lib/gcc/avr/4.9.2/avrxmega6\libgcc.a(_clear_bss.o)
 .text.libgcc.div
                0x00000000        0x0 c:/program files (x86)/atmel/studio/7.0/toolchain/avr8/avr8-gnu-toolchain/bin/../lib/gcc/avr/4.9.2/avrxmega6\libgcc.a(_clear_bss.o)
 .text.libgcc   0x00000000        0x0 c:/program files (x86)/atmel/studio/7.0/toolchain/avr8/avr8-gnu-toolchain/bin/../lib/gcc/avr/4.9.2/avrxmega6\libgcc.a(_clear_bss.o)
 .text.libgcc.prologue
                0x00000000        0x0 c:/program files (x86)/atmel/studio/7.0/toolchain/avr8/avr8-gnu-toolchain/bin/../lib/gcc/avr/4.9.2/avrxmega6\libgcc.a(_clear_bss.o)
 .text.libgcc.builtins
                0x00000000        0x0 c:/program files (x86)/atmel/studio/7.0/toolchain/avr8/avr8-gnu-toolchain/bin/../lib/gcc/avr/4.9.2/avrxmega6\libgcc.a(_clear_bss.o)
 .text.libgcc.fmul
                0x00000000        0x0 c:/program files (x86)/atmel/studio/7.0/toolchain/avr8/avr8-gnu-toolchain/bin/../lib/gcc/avr/4.9.2/avrxmega6\libgcc.a(_clear_bss.o)
 .text.libgcc.fixed
                0x00000000        0x0 c:/program files (x86)/atmel/studio/7.0/toolchain/avr8/avr8-gnu-toolchain/bin/../lib/gcc/avr/4.9.2/avrxmega6\libgcc.a(_clear_bss.o)
 .text          0x00000000        0x0 c:/program files (x86)/atmel/studio/7.0/toolchain/avr8/avr8-gnu-toolchain/bin/../lib/gcc/avr/4.9.2/../../../../avr/lib/avrxmega6\libc.a(memcpy.o)
 .data          0x00000000        0x0 c:/program files (x86)/atmel/studio/7.0/toolchain/avr8/avr8-gnu-toolchain/bin/../lib/gcc/avr/4.9.2/../../../../avr/lib/avrxmega6\libc.a(memcpy.o)
 .bss           0x00000000        0x0 c:/program files (x86)/atmel/studio/7.0/toolchain/avr8/avr8-gnu-toolchain/bin/../lib/gcc/avr/4.9.2/../../../../avr/lib/avrxmega6\libc.a(memcpy.o)
 .text.avr-libc
                0x00000000       0x12 c:/program files (x86)/atmel/studio/7.0/toolchain/avr8/avr8-gnu-toolchain/bin/../lib/gcc/avr/4.9.2/../../../../avr/lib/avrxmega6\libc.a(memcpy.o)

Memory Configuration

Name             Origin             Length             Attributes
text             0x00000000         0x00100000         xr
data             0x00802000         0x0000ffa0         rw !x
eeprom           0x00810000         0x00010000         rw !x
fuse             0x00820000         0x00000400         rw !x
lock             0x00830000         0x00000400         rw !x
signature        0x00840000         0x00000400         rw !x
user_signatures  0x00850000         0x00000400         rw !x
*default*        0x00000000         0xffffffff

Linker script and memory map

LOAD C:/Program Files (x86)/Atmel/Studio/7.0/Packs/atmel/XMEGAC_DFP/1.0.29/gcc/dev/atxmega384c3/avrxmega6/crtatxmega384c3.o
LOAD FreeRTOSv9.0.0/FreeRTOS/Source/croutine.o
LOAD FreeRTOSv9.0.0/FreeRTOS/Source/event_groups.o
LOAD FreeRTOSv9.0.0/FreeRTOS/Source/list.o
LOAD FreeRTOSv9.0.0/FreeRTOS/Source/portable/GCC/ATMega323/pmic_driver.o
LOAD FreeRTOSv9.0.0/FreeRTOS/Source/portable/GCC/ATMega323/port.o
LOAD FreeRTOSv9.0.0/FreeRTOS/Source/portable/GCC/ATMega323/TC_driver.o
LOAD FreeRTOSv9.0.0/FreeRTOS/Source/portable/MemMang/heap_1.o
LOAD FreeRTOSv9.0.0/FreeRTOS/Source/queue.o
LOAD FreeRTOSv9.0.0/FreeRTOS/Source/tasks.o
LOAD FreeRTOSv9.0.0/FreeRTOS/Source/timers.o
LOAD main.o
START GROUP
LOAD c:/program files (x86)/atmel/studio/7.0/toolchain/avr8/avr8-gnu-toolchain/bin/../lib/gcc/avr/4.9.2/../../../../avr/lib/avrxmega6\libm.a
END GROUP
START GROUP
LOAD c:/program files (x86)/atmel/studio/7.0/toolchain/avr8/avr8-gnu-toolchain/bin/../lib/gcc/avr/4.9.2/avrxmega6\libgcc.a
LOAD c:/program files (x86)/atmel/studio/7.0/toolchain/avr8/avr8-gnu-toolchain/bin/../lib/gcc/avr/4.9.2/../../../../avr/lib/avrxmega6\libm.a
LOAD c:/program files (x86)/atmel/studio/7.0/toolchain/avr8/avr8-gnu-toolchain/bin/../lib/gcc/avr/4.9.2/../../../../avr/lib/avrxmega6\libc.a
LOAD C:/Program Files (x86)/Atmel/Studio/7.0/Packs/atmel/XMEGAC_DFP/1.0.29/gcc/dev/atxmega384c3/avrxmega6\libatxmega384c3.a
END GROUP

.hash
 *(.hash)

.dynsym
 *(.dynsym)

.dynstr
 *(.dynstr)

.gnu.version
 *(.gnu.version)

.gnu.version_d
 *(.gnu.version_d)

.gnu.version_r
 *(.gnu.version_r)

.rel.init
 *(.rel.init)

.rela.init
 *(.rela.init)

.rel.text
 *(.rel.text)
 *(.rel.text.*)
 *(.rel.gnu.linkonce.t*)

.rela.text
 *(.rela.text)
 *(.rela.text.*)
 *(.rela.gnu.linkonce.t*)

.rel.fini
 *(.rel.fini)

.rela.fini
 *(.rela.fini)

.rel.rodata
 *(.rel.rodata)
 *(.rel.rodata.*)
 *(.rel.gnu.linkonce.r*)

.rela.rodata
 *(.rela.rodata)
 *(.rela.rodata.*)
 *(.rela.gnu.linkonce.r*)

.rel.data
 *(.rel.data)
 *(.rel.data.*)
 *(.rel.gnu.linkonce.d*)

.rela.data
 *(.rela.data)
 *(.rela.data.*)
 *(.rela.gnu.linkonce.d*)

.rel.ctors
 *(.rel.ctors)

.rela.ctors
 *(.rela.ctors)

.rel.dtors
 *(.rel.dtors)

.rela.dtors
 *(.rela.dtors)

.rel.got
 *(.rel.got)

.rela.got
 *(.rela.got)

.rel.bss
 *(.rel.bss)

.rela.bss
 *(.rela.bss)

.rel.plt
 *(.rel.plt)

.rela.plt
 *(.rela.plt)

.text           0x00000000      0xe22
 *(.vectors)
 .vectors       0x00000000      0x1fc C:/Program Files (x86)/Atmel/Studio/7.0/Packs/atmel/XMEGAC_DFP/1.0.29/gcc/dev/atxmega384c3/avrxmega6/crtatxmega384c3.o
                0x00000000                __vector_default
                0x00000000                __vectors
 *(.vectors)
 *(.progmem.gcc*)
                0x000001fc                . = ALIGN (0x2)
                0x000001fc                __trampolines_start = .
 *(.trampolines)
 .trampolines   0x000001fc       0x10 linker stubs
 *(.trampolines*)
                0x0000020c                __trampolines_end = .
 *(.progmem*)
                0x0000020c                . = ALIGN (0x2)
 *(.jumptables)
 *(.jumptables*)
 *(.lowtext)
 *(.lowtext*)
                0x0000020c                __ctors_start = .
 *(.ctors)
                0x0000020c                __ctors_end = .
                0x0000020c                __dtors_start = .
 *(.dtors)
                0x0000020c                __dtors_end = .
 SORT(*)(.ctors)
 SORT(*)(.dtors)
 *(.init0)
 .init0         0x0000020c        0x0 C:/Program Files (x86)/Atmel/Studio/7.0/Packs/atmel/XMEGAC_DFP/1.0.29/gcc/dev/atxmega384c3/avrxmega6/crtatxmega384c3.o
                0x0000020c                __init
 *(.init0)
 *(.init1)
 *(.init1)
 *(.init2)
 .init2         0x0000020c       0x10 C:/Program Files (x86)/Atmel/Studio/7.0/Packs/atmel/XMEGAC_DFP/1.0.29/gcc/dev/atxmega384c3/avrxmega6/crtatxmega384c3.o
 *(.init2)
 *(.init3)
 *(.init3)
 *(.init4)
 .init4         0x0000021c       0x1a c:/program files (x86)/atmel/studio/7.0/toolchain/avr8/avr8-gnu-toolchain/bin/../lib/gcc/avr/4.9.2/avrxmega6\libgcc.a(_copy_data.o)
                0x0000021c                __do_copy_data
 .init4         0x00000236       0x10 c:/program files (x86)/atmel/studio/7.0/toolchain/avr8/avr8-gnu-toolchain/bin/../lib/gcc/avr/4.9.2/avrxmega6\libgcc.a(_clear_bss.o)
                0x00000236                __do_clear_bss
 *(.init4)
 *(.init5)
 *(.init5)
 *(.init6)
 *(.init6)
 *(.init7)
 *(.init7)
 *(.init8)
 *(.init8)
 *(.init9)
 .init9         0x00000246        0x8 C:/Program Files (x86)/Atmel/Studio/7.0/Packs/atmel/XMEGAC_DFP/1.0.29/gcc/dev/atxmega384c3/avrxmega6/crtatxmega384c3.o
 *(.init9)
 *(.text)
 .text          0x0000024e        0x4 C:/Program Files (x86)/Atmel/Studio/7.0/Packs/atmel/XMEGAC_DFP/1.0.29/gcc/dev/atxmega384c3/avrxmega6/crtatxmega384c3.o
                0x0000024e                __vector_38
                0x0000024e                __vector_104
                0x0000024e                __vector_22
                0x0000024e                __vector_63
                0x0000024e                __vector_28
                0x0000024e                __vector_67
                0x0000024e                __vector_1
                0x0000024e                __vector_119
                0x0000024e                __vector_32
                0x0000024e                __vector_75
                0x0000024e                __vector_71
                0x0000024e                __vector_91
                0x0000024e                __vector_34
                0x0000024e                __vector_62
                0x0000024e                __vector_77
                0x0000024e                __vector_102
                0x0000024e                __vector_24
                0x0000024e                __vector_12
                0x0000024e                __vector_55
                0x0000024e                __vector_69
                0x0000024e                __vector_81
                0x0000024e                __vector_90
                0x0000024e                __vector_46
                0x0000024e                __bad_interrupt
                0x0000024e                __vector_122
                0x0000024e                __vector_72
                0x0000024e                __vector_114
                0x0000024e                __vector_6
                0x0000024e                __vector_110
                0x0000024e                __vector_31
                0x0000024e                __vector_92
                0x0000024e                __vector_35
                0x0000024e                __vector_78
                0x0000024e                __vector_74
                0x0000024e                __vector_117
                0x0000024e                __vector_39
                0x0000024e                __vector_107
                0x0000024e                __vector_3
                0x0000024e                __vector_105
                0x0000024e                __vector_98
                0x0000024e                __vector_23
                0x0000024e                __vector_68
                0x0000024e                __vector_30
                0x0000024e                __vector_73
                0x0000024e                __vector_45
                0x0000024e                __vector_25
                0x0000024e                __vector_93
                0x0000024e                __vector_61
                0x0000024e                __vector_11
                0x0000024e                __vector_54
                0x0000024e                __vector_99
                0x0000024e                __vector_13
                0x0000024e                __vector_17
                0x0000024e                __vector_19
                0x0000024e                __vector_56
                0x0000024e                __vector_7
                0x0000024e                __vector_125
                0x0000024e                __vector_49
                0x0000024e                __vector_123
                0x0000024e                __vector_41
                0x0000024e                __vector_86
                0x0000024e                __vector_100
                0x0000024e                __vector_101
                0x0000024e                __vector_64
                0x0000024e                __vector_88
                0x0000024e                __vector_109
                0x0000024e                __vector_43
                0x0000024e                __vector_27
                0x0000024e                __vector_5
                0x0000024e                __vector_113
                0x0000024e                __vector_33
                0x0000024e                __vector_76
                0x0000024e                __vector_115
                0x0000024e                __vector_47
                0x0000024e                __vector_52
                0x0000024e                __vector_37
                0x0000024e                __vector_95
                0x0000024e                __vector_103
                0x0000024e                __vector_96
                0x0000024e                __vector_89
                0x0000024e                __vector_108
                0x0000024e                __vector_4
                0x0000024e                __vector_44
                0x0000024e                __vector_82
                0x0000024e                __vector_106
                0x0000024e                __vector_118
                0x0000024e                __vector_51
                0x0000024e                __vector_9
                0x0000024e                __vector_2
                0x0000024e                __vector_21
                0x0000024e                __vector_15
                0x0000024e                __vector_66
                0x0000024e                __vector_36
                0x0000024e                __vector_79
                0x0000024e                __vector_58
                0x0000024e                __vector_70
                0x0000024e                __vector_83
                0x0000024e                __vector_29
                0x0000024e                __vector_60
                0x0000024e                __vector_121
                0x0000024e                __vector_40
                0x0000024e                __vector_85
                0x0000024e                __vector_94
                0x0000024e                __vector_126
                0x0000024e                __vector_8
                0x0000024e                __vector_26
                0x0000024e                __vector_48
                0x0000024e                __vector_124
                0x0000024e                __vector_116
                0x0000024e                __vector_112
                0x0000024e                __vector_111
                0x0000024e                __vector_80
                0x0000024e                __vector_84
                0x0000024e                __vector_57
                0x0000024e                __vector_53
                0x0000024e                __vector_10
                0x0000024e                __vector_50
                0x0000024e                __vector_16
                0x0000024e                __vector_59
                0x0000024e                __vector_18
                0x0000024e                __vector_97
                0x0000024e                __vector_20
                0x0000024e                __vector_42
                0x0000024e                __vector_87
                0x0000024e                __vector_65
                0x0000024e                __vector_120
                0x00000252                . = ALIGN (0x2)
 *(.text.*)
 .text.vListInitialise
                0x00000252       0x1c FreeRTOSv9.0.0/FreeRTOS/Source/list.o
                0x00000252                vListInitialise
 .text.vListInitialiseItem
                0x0000026e        0x8 FreeRTOSv9.0.0/FreeRTOS/Source/list.o
                0x0000026e                vListInitialiseItem
 .text.vListInsertEnd
                0x00000276       0x42 FreeRTOSv9.0.0/FreeRTOS/Source/list.o
                0x00000276                vListInsertEnd
 .text.vListInsert
                0x000002b8       0x62 FreeRTOSv9.0.0/FreeRTOS/Source/list.o
                0x000002b8                vListInsert
 .text.uxListRemove
                0x0000031a       0x4c FreeRTOSv9.0.0/FreeRTOS/Source/list.o
                0x0000031a                uxListRemove
 .text.pxPortInitialiseStack
                0x00000366       0xdc FreeRTOSv9.0.0/FreeRTOS/Source/portable/GCC/ATMega323/port.o
                0x00000366                pxPortInitialiseStack
 .text.xPortStartScheduler
                0x00000442       0x84 FreeRTOSv9.0.0/FreeRTOS/Source/portable/GCC/ATMega323/port.o
                0x00000442                xPortStartScheduler
 .text.vPortYield
                0x000004c6       0xb2 FreeRTOSv9.0.0/FreeRTOS/Source/portable/GCC/ATMega323/port.o
                0x000004c6                vPortYield
 .text.vPortYieldFromTick
                0x00000578       0xb8 FreeRTOSv9.0.0/FreeRTOS/Source/portable/GCC/ATMega323/port.o
                0x00000578                vPortYieldFromTick
 .text.__vector_14
                0x00000630        0x6 FreeRTOSv9.0.0/FreeRTOS/Source/portable/GCC/ATMega323/port.o
                0x00000630                __vector_14
 .text.TC0_ConfigClockSource
                0x00000636        0xc FreeRTOSv9.0.0/FreeRTOS/Source/portable/GCC/ATMega323/TC_driver.o
                0x00000636                TC0_ConfigClockSource
 .text.TC0_SetOverflowIntLevel
                0x00000642        0xc FreeRTOSv9.0.0/FreeRTOS/Source/portable/GCC/ATMega323/TC_driver.o
                0x00000642                TC0_SetOverflowIntLevel
 .text.pvPortMalloc
                0x0000064e       0x6a FreeRTOSv9.0.0/FreeRTOS/Source/portable/MemMang/heap_1.o
                0x0000064e                pvPortMalloc
 .text.vPortFree
                0x000006b8        0x2 FreeRTOSv9.0.0/FreeRTOS/Source/portable/MemMang/heap_1.o
                0x000006b8                vPortFree
 .text.prvIdleTask
                0x000006ba        0x2 FreeRTOSv9.0.0/FreeRTOS/Source/tasks.o
 .text.prvResetNextTaskUnblockTime
                0x000006bc       0x3e FreeRTOSv9.0.0/FreeRTOS/Source/tasks.o
 .text.prvAddCurrentTaskToDelayedList
                0x000006fa       0x88 FreeRTOSv9.0.0/FreeRTOS/Source/tasks.o
 .text.xTaskCreate
                0x00000782      0x208 FreeRTOSv9.0.0/FreeRTOS/Source/tasks.o
                0x00000782                xTaskCreate
 .text.vTaskStartScheduler
                0x0000098a       0x54 FreeRTOSv9.0.0/FreeRTOS/Source/tasks.o
                0x0000098a                vTaskStartScheduler
 .text.vTaskSuspendAll
                0x000009de        0xc FreeRTOSv9.0.0/FreeRTOS/Source/tasks.o
                0x000009de                vTaskSuspendAll
 .text.xTaskIncrementTick
                0x000009ea      0x170 FreeRTOSv9.0.0/FreeRTOS/Source/tasks.o
                0x000009ea                xTaskIncrementTick
 .text.xTaskResumeAll
                0x00000b5a       0xfe FreeRTOSv9.0.0/FreeRTOS/Source/tasks.o
                0x00000b5a                xTaskResumeAll
 .text.vTaskDelay
                0x00000c58       0x28 FreeRTOSv9.0.0/FreeRTOS/Source/tasks.o
                0x00000c58                vTaskDelay
 .text.vTaskSwitchContext
                0x00000c80       0xcc FreeRTOSv9.0.0/FreeRTOS/Source/tasks.o
                0x00000c80                vTaskSwitchContext
 .text.thread_1
                0x00000d4c       0x28 main.o
                0x00000d4c                thread_1
 .text.thread_2
                0x00000d74       0x28 main.o
                0x00000d74                thread_2
 .text.thread_3
                0x00000d9c       0x28 main.o
                0x00000d9c                thread_3
 .text.main     0x00000dc4       0x5a main.o
                0x00000dc4                main
                0x00000e1e                . = ALIGN (0x2)
 *(.fini9)
 .fini9         0x00000e1e        0x0 c:/program files (x86)/atmel/studio/7.0/toolchain/avr8/avr8-gnu-toolchain/bin/../lib/gcc/avr/4.9.2/avrxmega6\libgcc.a(_exit.o)
                0x00000e1e                _exit
                0x00000e1e                exit
 *(.fini9)
 *(.fini8)
 *(.fini8)
 *(.fini7)
 *(.fini7)
 *(.fini6)
 *(.fini6)
 *(.fini5)
 *(.fini5)
 *(.fini4)
 *(.fini4)
 *(.fini3)
 *(.fini3)
 *(.fini2)
 *(.fini2)
 *(.fini1)
 *(.fini1)
 *(.fini0)
 .fini0         0x00000e1e        0x4 c:/program files (x86)/atmel/studio/7.0/toolchain/avr8/avr8-gnu-toolchain/bin/../lib/gcc/avr/4.9.2/avrxmega6\libgcc.a(_exit.o)
 *(.fini0)
                0x00000e22                _etext = .

.data           0x00802000        0xe load address 0x00000e22
                0x00802000                PROVIDE (__data_start, .)
 *(.data)
 *(.data*)
 *(.rodata)
 *(.rodata*)
 .rodata.str1.1
                0x00802000        0x5 FreeRTOSv9.0.0/FreeRTOS/Source/tasks.o
 .rodata.str1.1
                0x00802005        0x9 main.o
 *(.gnu.linkonce.d*)
                0x0080200e                . = ALIGN (0x2)
                0x0080200e                _edata = .
                0x0080200e                PROVIDE (__data_end, .)

.bss            0x0080200e      0x3af
                0x0080200e                PROVIDE (__bss_start, .)
 *(.bss)
 *(.bss*)
 .bss.pucAlignedHeap.3888
                0x0080200e        0x2 FreeRTOSv9.0.0/FreeRTOS/Source/portable/MemMang/heap_1.o
 .bss.xNextFreeByte
                0x00802010        0x2 FreeRTOSv9.0.0/FreeRTOS/Source/portable/MemMang/heap_1.o
 .bss.ucHeap    0x00802012      0x352 FreeRTOSv9.0.0/FreeRTOS/Source/portable/MemMang/heap_1.o
 .bss.uxSchedulerSuspended
                0x00802364        0x1 FreeRTOSv9.0.0/FreeRTOS/Source/tasks.o
 .bss.xIdleTaskHandle
                0x00802365        0x2 FreeRTOSv9.0.0/FreeRTOS/Source/tasks.o
 .bss.xNextTaskUnblockTime
                0x00802367        0x2 FreeRTOSv9.0.0/FreeRTOS/Source/tasks.o
 .bss.uxTaskNumber
                0x00802369        0x1 FreeRTOSv9.0.0/FreeRTOS/Source/tasks.o
 .bss.xNumOfOverflows
                0x0080236a        0x1 FreeRTOSv9.0.0/FreeRTOS/Source/tasks.o
 .bss.xYieldPending
                0x0080236b        0x1 FreeRTOSv9.0.0/FreeRTOS/Source/tasks.o
 .bss.uxPendedTicks
                0x0080236c        0x1 FreeRTOSv9.0.0/FreeRTOS/Source/tasks.o
 .bss.xSchedulerRunning
                0x0080236d        0x1 FreeRTOSv9.0.0/FreeRTOS/Source/tasks.o
 .bss.uxTopReadyPriority
                0x0080236e        0x1 FreeRTOSv9.0.0/FreeRTOS/Source/tasks.o
 .bss.xTickCount
                0x0080236f        0x2 FreeRTOSv9.0.0/FreeRTOS/Source/tasks.o
 .bss.uxCurrentNumberOfTasks
                0x00802371        0x1 FreeRTOSv9.0.0/FreeRTOS/Source/tasks.o
 .bss.xPendingReadyList
                0x00802372        0x9 FreeRTOSv9.0.0/FreeRTOS/Source/tasks.o
 .bss.pxOverflowDelayedTaskList
                0x0080237b        0x2 FreeRTOSv9.0.0/FreeRTOS/Source/tasks.o
 .bss.pxDelayedTaskList
                0x0080237d        0x2 FreeRTOSv9.0.0/FreeRTOS/Source/tasks.o
 .bss.xDelayedTaskList2
                0x0080237f        0x9 FreeRTOSv9.0.0/FreeRTOS/Source/tasks.o
 .bss.xDelayedTaskList1
                0x00802388        0x9 FreeRTOSv9.0.0/FreeRTOS/Source/tasks.o
 .bss.pxReadyTasksLists
                0x00802391       0x24 FreeRTOSv9.0.0/FreeRTOS/Source/tasks.o
 .bss.pxCurrentTCB
                0x008023b5        0x2 FreeRTOSv9.0.0/FreeRTOS/Source/tasks.o
                0x008023b5                pxCurrentTCB
 .bss.t3var     0x008023b7        0x2 main.o
                0x008023b7                t3var
 .bss.t2var     0x008023b9        0x2 main.o
                0x008023b9                t2var
 .bss.t1var     0x008023bb        0x2 main.o
                0x008023bb                t1var
 *(COMMON)
                0x008023bd                PROVIDE (__bss_end, .)
                0x00000e22                __data_load_start = LOADADDR (.data)
                0x00000e30                __data_load_end = (__data_load_start + SIZEOF (.data))

.noinit         0x008023bd        0x0
                0x008023bd                PROVIDE (__noinit_start, .)
 *(.noinit*)
                0x008023bd                PROVIDE (__noinit_end, .)
                0x008023bd                _end = .
                0x008023bd                PROVIDE (__heap_start, .)

.eeprom         0x00810000        0x0
 *(.eeprom*)
                0x00810000                __eeprom_end = .

.fuse
 *(.fuse)
 *(.lfuse)
 *(.hfuse)
 *(.efuse)

.lock
 *(.lock*)

.signature
 *(.signature*)

.user_signatures
 *(.user_signatures*)

.stab
 *(.stab)

.stabstr
 *(.stabstr)

.stab.excl
 *(.stab.excl)

.stab.exclstr
 *(.stab.exclstr)

.stab.index
 *(.stab.index)

.stab.indexstr
 *(.stab.indexstr)

.comment        0x00000000       0x30
 *(.comment)
 .comment       0x00000000       0x30 FreeRTOSv9.0.0/FreeRTOS/Source/list.o
                                 0x31 (size before relaxing)
 .comment       0x00000030       0x31 FreeRTOSv9.0.0/FreeRTOS/Source/portable/GCC/ATMega323/port.o
 .comment       0x00000030       0x31 FreeRTOSv9.0.0/FreeRTOS/Source/portable/GCC/ATMega323/TC_driver.o
 .comment       0x00000030       0x31 FreeRTOSv9.0.0/FreeRTOS/Source/portable/MemMang/heap_1.o
 .comment       0x00000030       0x31 FreeRTOSv9.0.0/FreeRTOS/Source/tasks.o
 .comment       0x00000030       0x31 main.o

.note.gnu.avr.deviceinfo
                0x00000000       0x40
 .note.gnu.avr.deviceinfo
                0x00000000       0x40 C:/Program Files (x86)/Atmel/Studio/7.0/Packs/atmel/XMEGAC_DFP/1.0.29/gcc/dev/atxmega384c3/avrxmega6/crtatxmega384c3.o

.note.gnu.build-id
 *(.note.gnu.build-id)

.debug
 *(.debug)

.line
 *(.line)

.debug_srcinfo
 *(.debug_srcinfo)

.debug_sfnames
 *(.debug_sfnames)

.debug_aranges  0x00000000      0x2c8
 *(.debug_aranges)
 .debug_aranges
                0x00000000       0x40 FreeRTOSv9.0.0/FreeRTOS/Source/list.o
 .debug_aranges
                0x00000040       0x48 FreeRTOSv9.0.0/FreeRTOS/Source/portable/GCC/ATMega323/port.o
 .debug_aranges
                0x00000088       0xc8 FreeRTOSv9.0.0/FreeRTOS/Source/portable/GCC/ATMega323/TC_driver.o
 .debug_aranges
                0x00000150       0x38 FreeRTOSv9.0.0/FreeRTOS/Source/portable/MemMang/heap_1.o
 .debug_aranges
                0x00000188      0x108 FreeRTOSv9.0.0/FreeRTOS/Source/tasks.o
 .debug_aranges
                0x00000290       0x38 main.o

.debug_pubnames
 *(.debug_pubnames)

.debug_info     0x00000000     0x3d1a
 *(.debug_info .gnu.linkonce.wi.*)
 .debug_info    0x00000000      0x2cd FreeRTOSv9.0.0/FreeRTOS/Source/list.o
 .debug_info    0x000002cd      0xa36 FreeRTOSv9.0.0/FreeRTOS/Source/portable/GCC/ATMega323/port.o
 .debug_info    0x00000d03     0x12e1 FreeRTOSv9.0.0/FreeRTOS/Source/portable/GCC/ATMega323/TC_driver.o
 .debug_info    0x00001fe4      0x1ad FreeRTOSv9.0.0/FreeRTOS/Source/portable/MemMang/heap_1.o
 .debug_info    0x00002191     0x168b FreeRTOSv9.0.0/FreeRTOS/Source/tasks.o
 .debug_info    0x0000381c      0x4fe main.o

.debug_abbrev   0x00000000      0xa80
 *(.debug_abbrev)
 .debug_abbrev  0x00000000       0xf8 FreeRTOSv9.0.0/FreeRTOS/Source/list.o
 .debug_abbrev  0x000000f8      0x223 FreeRTOSv9.0.0/FreeRTOS/Source/portable/GCC/ATMega323/port.o
 .debug_abbrev  0x0000031b      0x185 FreeRTOSv9.0.0/FreeRTOS/Source/portable/GCC/ATMega323/TC_driver.o
 .debug_abbrev  0x000004a0      0x12e FreeRTOSv9.0.0/FreeRTOS/Source/portable/MemMang/heap_1.o
 .debug_abbrev  0x000005ce      0x344 FreeRTOSv9.0.0/FreeRTOS/Source/tasks.o
 .debug_abbrev  0x00000912      0x16e main.o

.debug_line     0x00000000     0x10b5
 *(.debug_line .debug_line.* .debug_line_end)
 .debug_line    0x00000000      0x1a2 FreeRTOSv9.0.0/FreeRTOS/Source/list.o
 .debug_line    0x000001a2      0x233 FreeRTOSv9.0.0/FreeRTOS/Source/portable/GCC/ATMega323/port.o
 .debug_line    0x000003d5      0x2a4 FreeRTOSv9.0.0/FreeRTOS/Source/portable/GCC/ATMega323/TC_driver.o
 .debug_line    0x00000679      0x202 FreeRTOSv9.0.0/FreeRTOS/Source/portable/MemMang/heap_1.o
 .debug_line    0x0000087b      0x62f FreeRTOSv9.0.0/FreeRTOS/Source/tasks.o
 .debug_line    0x00000eaa      0x20b main.o

.debug_frame    0x00000000      0x6dc
 *(.debug_frame)
 .debug_frame   0x00000000       0x88 FreeRTOSv9.0.0/FreeRTOS/Source/list.o
 .debug_frame   0x00000088       0x74 FreeRTOSv9.0.0/FreeRTOS/Source/portable/GCC/ATMega323/port.o
 .debug_frame   0x000000fc      0x174 FreeRTOSv9.0.0/FreeRTOS/Source/portable/GCC/ATMega323/TC_driver.o
 .debug_frame   0x00000270       0x60 FreeRTOSv9.0.0/FreeRTOS/Source/portable/MemMang/heap_1.o
 .debug_frame   0x000002d0      0x3b8 FreeRTOSv9.0.0/FreeRTOS/Source/tasks.o
 .debug_frame   0x00000688       0x54 main.o

.debug_str      0x00000000     0x18a4
 *(.debug_str)
 .debug_str     0x00000000      0x2a2 FreeRTOSv9.0.0/FreeRTOS/Source/list.o
                                0x2e1 (size before relaxing)
 .debug_str     0x000002a2      0x646 FreeRTOSv9.0.0/FreeRTOS/Source/portable/GCC/ATMega323/port.o
                                0x7eb (size before relaxing)
 .debug_str     0x000008e8      0x68c FreeRTOSv9.0.0/FreeRTOS/Source/portable/GCC/ATMega323/TC_driver.o
                                0xc77 (size before relaxing)
 .debug_str     0x00000f74       0xe6 FreeRTOSv9.0.0/FreeRTOS/Source/portable/MemMang/heap_1.o
                                0x26e (size before relaxing)
 .debug_str     0x0000105a      0x767 FreeRTOSv9.0.0/FreeRTOS/Source/tasks.o
                                0xb06 (size before relaxing)
 .debug_str     0x000017c1       0xe3 main.o
                                0x310 (size before relaxing)

.debug_loc      0x00000000     0x20ea
 *(.debug_loc)
 .debug_loc     0x00000000      0x145 FreeRTOSv9.0.0/FreeRTOS/Source/list.o
 .debug_loc     0x00000145      0x281 FreeRTOSv9.0.0/FreeRTOS/Source/portable/GCC/ATMega323/port.o
 .debug_loc     0x000003c6      0x336 FreeRTOSv9.0.0/FreeRTOS/Source/portable/GCC/ATMega323/TC_driver.o
 .debug_loc     0x000006fc       0xf1 FreeRTOSv9.0.0/FreeRTOS/Source/portable/MemMang/heap_1.o
 .debug_loc     0x000007ed     0x188b FreeRTOSv9.0.0/FreeRTOS/Source/tasks.o
 .debug_loc     0x00002078       0x72 main.o

.debug_macinfo
 *(.debug_macinfo)

.debug_weaknames
 *(.debug_weaknames)

.debug_funcnames
 *(.debug_funcnames)

.debug_typenames
 *(.debug_typenames)

.debug_varnames
 *(.debug_varnames)

.debug_pubtypes
 *(.debug_pubtypes)

.debug_ranges   0x00000000      0x2c8
 *(.debug_ranges)
 .debug_ranges  0x00000000       0x30 FreeRTOSv9.0.0/FreeRTOS/Source/list.o
 .debug_ranges  0x00000030       0x38 FreeRTOSv9.0.0/FreeRTOS/Source/portable/GCC/ATMega323/port.o
 .debug_ranges  0x00000068       0xb8 FreeRTOSv9.0.0/FreeRTOS/Source/portable/GCC/ATMega323/TC_driver.o
 .debug_ranges  0x00000120       0x28 FreeRTOSv9.0.0/FreeRTOS/Source/portable/MemMang/heap_1.o
 .debug_ranges  0x00000148      0x158 FreeRTOSv9.0.0/FreeRTOS/Source/tasks.o
 .debug_ranges  0x000002a0       0x28 main.o

.debug_macro
 *(.debug_macro)
OUTPUT(XmegaFreeRTOS.elf elf32-avr)
LOAD linker stubs
