Archive member included to satisfy reference by file (symbol)

c:/program files (x86)/atmel/studio/7.0/toolchain/avr8/avr8-gnu-toolchain/bin/../lib/gcc/avr/4.9.2/avrxmega6\libgcc.a(_exit.o)
                              C:/Program Files (x86)/Atmel/Studio/7.0/Packs/atmel/XMEGAC_DFP/1.0.29/gcc/dev/atxmega384c3/avrxmega6/crtatxmega384c3.o (exit)
c:/program files (x86)/atmel/studio/7.0/toolchain/avr8/avr8-gnu-toolchain/bin/../lib/gcc/avr/4.9.2/avrxmega6\libgcc.a(_copy_data.o)
                              main.o (__do_copy_data)
c:/program files (x86)/atmel/studio/7.0/toolchain/avr8/avr8-gnu-toolchain/bin/../lib/gcc/avr/4.9.2/avrxmega6\libgcc.a(_clear_bss.o)
                              main.o (__do_clear_bss)
c:/program files (x86)/atmel/studio/7.0/toolchain/avr8/avr8-gnu-toolchain/bin/../lib/gcc/avr/4.9.2/../../../../avr/lib/avrxmega6\libc.a(memcpy.o)
                              Source/queue.o (memcpy)

Discarded input sections

 .data          0x00000000        0x0 C:/Program Files (x86)/Atmel/Studio/7.0/Packs/atmel/XMEGAC_DFP/1.0.29/gcc/dev/atxmega384c3/avrxmega6/crtatxmega384c3.o
 .bss           0x00000000        0x0 C:/Program Files (x86)/Atmel/Studio/7.0/Packs/atmel/XMEGAC_DFP/1.0.29/gcc/dev/atxmega384c3/avrxmega6/crtatxmega384c3.o
 .text          0x00000000        0x0 main.o
 .data          0x00000000        0x0 main.o
 .bss           0x00000000        0x0 main.o
 .text          0x00000000        0x0 Source/croutine.o
 .data          0x00000000        0x0 Source/croutine.o
 .bss           0x00000000        0x0 Source/croutine.o
 .text.xCoRoutineCreate
                0x00000000       0xf0 Source/croutine.o
 .text.vCoRoutineAddToDelayedList
                0x00000000       0x86 Source/croutine.o
 .text.vCoRoutineSchedule
                0x00000000      0x27a Source/croutine.o
 .text.xCoRoutineRemoveFromEventList
                0x00000000       0x4a Source/croutine.o
 .bss.xPassedTicks
                0x00000000        0x2 Source/croutine.o
 .bss.xLastTickCount
                0x00000000        0x2 Source/croutine.o
 .bss.xCoRoutineTickCount
                0x00000000        0x2 Source/croutine.o
 .bss.uxTopCoRoutineReadyPriority
                0x00000000        0x1 Source/croutine.o
 .bss.pxCurrentCoRoutine
                0x00000000        0x2 Source/croutine.o
 .bss.xPendingReadyCoRoutineList
                0x00000000        0x9 Source/croutine.o
 .bss.pxOverflowDelayedCoRoutineList
                0x00000000        0x2 Source/croutine.o
 .bss.pxDelayedCoRoutineList
                0x00000000        0x2 Source/croutine.o
 .bss.xDelayedCoRoutineList2
                0x00000000        0x9 Source/croutine.o
 .bss.xDelayedCoRoutineList1
                0x00000000        0x9 Source/croutine.o
 .bss.pxReadyCoRoutineLists
                0x00000000       0x12 Source/croutine.o
 .debug_info    0x00000000      0x7ca Source/croutine.o
 .debug_abbrev  0x00000000      0x242 Source/croutine.o
 .debug_loc     0x00000000      0x3eb Source/croutine.o
 .debug_aranges
                0x00000000       0x38 Source/croutine.o
 .debug_ranges  0x00000000       0x28 Source/croutine.o
 .debug_line    0x00000000      0x249 Source/croutine.o
 .debug_str     0x00000000      0x55b Source/croutine.o
 .comment       0x00000000       0x31 Source/croutine.o
 .debug_frame   0x00000000       0xc0 Source/croutine.o
 .text          0x00000000        0x0 Source/event_groups.o
 .data          0x00000000        0x0 Source/event_groups.o
 .bss           0x00000000        0x0 Source/event_groups.o
 .text.xEventGroupCreate
                0x00000000       0x26 Source/event_groups.o
 .text.xEventGroupWaitBits
                0x00000000      0x110 Source/event_groups.o
 .text.xEventGroupClearBits
                0x00000000       0x1e Source/event_groups.o
 .text.xEventGroupGetBitsFromISR
                0x00000000        0x8 Source/event_groups.o
 .text.xEventGroupSetBits
                0x00000000       0xce Source/event_groups.o
 .text.xEventGroupSync
                0x00000000       0xce Source/event_groups.o
 .text.vEventGroupDelete
                0x00000000       0x32 Source/event_groups.o
 .text.vEventGroupSetBitsCallback
                0x00000000        0x8 Source/event_groups.o
 .text.vEventGroupClearBitsCallback
                0x00000000        0x8 Source/event_groups.o
 .debug_info    0x00000000      0x936 Source/event_groups.o
 .debug_abbrev  0x00000000      0x256 Source/event_groups.o
 .debug_loc     0x00000000      0xb0c Source/event_groups.o
 .debug_aranges
                0x00000000       0x60 Source/event_groups.o
 .debug_ranges  0x00000000       0x68 Source/event_groups.o
 .debug_line    0x00000000      0x2bc Source/event_groups.o
 .debug_str     0x00000000      0x5ab Source/event_groups.o
 .comment       0x00000000       0x31 Source/event_groups.o
 .debug_frame   0x00000000      0x14c Source/event_groups.o
 .text          0x00000000        0x0 Source/include/portable/GCC/ATMega323/pmic_driver.o
 .data          0x00000000        0x0 Source/include/portable/GCC/ATMega323/pmic_driver.o
 .bss           0x00000000        0x0 Source/include/portable/GCC/ATMega323/pmic_driver.o
 .text.PMIC_SetVectorLocationToBoot
                0x00000000       0x10 Source/include/portable/GCC/ATMega323/pmic_driver.o
 .text.PMIC_SetVectorLocationToApplication
                0x00000000       0x10 Source/include/portable/GCC/ATMega323/pmic_driver.o
 .debug_info    0x00000000      0x1f5 Source/include/portable/GCC/ATMega323/pmic_driver.o
 .debug_abbrev  0x00000000       0xc4 Source/include/portable/GCC/ATMega323/pmic_driver.o
 .debug_aranges
                0x00000000       0x28 Source/include/portable/GCC/ATMega323/pmic_driver.o
 .debug_ranges  0x00000000       0x18 Source/include/portable/GCC/ATMega323/pmic_driver.o
 .debug_line    0x00000000      0x13c Source/include/portable/GCC/ATMega323/pmic_driver.o
 .debug_str     0x00000000      0x2fe Source/include/portable/GCC/ATMega323/pmic_driver.o
 .comment       0x00000000       0x31 Source/include/portable/GCC/ATMega323/pmic_driver.o
 .debug_frame   0x00000000       0x34 Source/include/portable/GCC/ATMega323/pmic_driver.o
 .text          0x00000000        0x0 Source/include/portable/GCC/ATMega323/port.o
 .data          0x00000000        0x0 Source/include/portable/GCC/ATMega323/port.o
 .bss           0x00000000        0x0 Source/include/portable/GCC/ATMega323/port.o
 .text.vPortEndScheduler
                0x00000000        0x2 Source/include/portable/GCC/ATMega323/port.o
 .text          0x00000000        0x0 Source/include/portable/GCC/ATMega323/TC_driver.o
 .data          0x00000000        0x0 Source/include/portable/GCC/ATMega323/TC_driver.o
 .bss           0x00000000        0x0 Source/include/portable/GCC/ATMega323/TC_driver.o
 .text.TC1_ConfigClockSource
                0x00000000        0xc Source/include/portable/GCC/ATMega323/TC_driver.o
 .text.TC0_ConfigWGM
                0x00000000        0xc Source/include/portable/GCC/ATMega323/TC_driver.o
 .text.TC1_ConfigWGM
                0x00000000        0xc Source/include/portable/GCC/ATMega323/TC_driver.o
 .text.TC0_ConfigInputCapture
                0x00000000        0xe Source/include/portable/GCC/ATMega323/TC_driver.o
 .text.TC1_ConfigInputCapture
                0x00000000        0xe Source/include/portable/GCC/ATMega323/TC_driver.o
 .text.TC0_EnableCCChannels
                0x00000000        0xc Source/include/portable/GCC/ATMega323/TC_driver.o
 .text.TC1_EnableCCChannels
                0x00000000        0xc Source/include/portable/GCC/ATMega323/TC_driver.o
 .text.TC0_DisableCCChannels
                0x00000000        0xe Source/include/portable/GCC/ATMega323/TC_driver.o
 .text.TC1_DisableCCChannels
                0x00000000        0xe Source/include/portable/GCC/ATMega323/TC_driver.o
 .text.TC1_SetOverflowIntLevel
                0x00000000        0xc Source/include/portable/GCC/ATMega323/TC_driver.o
 .text.TC0_SetErrorIntLevel
                0x00000000        0xc Source/include/portable/GCC/ATMega323/TC_driver.o
 .text.TC1_SetErrorIntLevel
                0x00000000        0xc Source/include/portable/GCC/ATMega323/TC_driver.o
 .text.TC0_SetCCAIntLevel
                0x00000000        0xc Source/include/portable/GCC/ATMega323/TC_driver.o
 .text.TC1_SetCCAIntLevel
                0x00000000        0xc Source/include/portable/GCC/ATMega323/TC_driver.o
 .text.TC0_SetCCBIntLevel
                0x00000000        0xc Source/include/portable/GCC/ATMega323/TC_driver.o
 .text.TC1_SetCCBIntLevel
                0x00000000        0xc Source/include/portable/GCC/ATMega323/TC_driver.o
 .text.TC0_SetCCCIntLevel
                0x00000000        0xc Source/include/portable/GCC/ATMega323/TC_driver.o
 .text.TC0_SetCCDIntLevel
                0x00000000        0xc Source/include/portable/GCC/ATMega323/TC_driver.o
 .text.TC0_Reset
                0x00000000        0xe Source/include/portable/GCC/ATMega323/TC_driver.o
 .text.TC1_Reset
                0x00000000        0xe Source/include/portable/GCC/ATMega323/TC_driver.o
 .text          0x00000000        0x0 Source/include/portable/MemMang/heap_1.o
 .data          0x00000000        0x0 Source/include/portable/MemMang/heap_1.o
 .bss           0x00000000        0x0 Source/include/portable/MemMang/heap_1.o
 .text.vPortInitialiseBlocks
                0x00000000        0xa Source/include/portable/MemMang/heap_1.o
 .text.xPortGetFreeHeapSize
                0x00000000       0x12 Source/include/portable/MemMang/heap_1.o
 .text          0x00000000        0x0 Source/list.o
 .data          0x00000000        0x0 Source/list.o
 .bss           0x00000000        0x0 Source/list.o
 .text          0x00000000        0x0 Source/queue.o
 .data          0x00000000        0x0 Source/queue.o
 .bss           0x00000000        0x0 Source/queue.o
 .text.prvCopyDataToQueue
                0x00000000       0x9a Source/queue.o
 .text.prvCopyDataFromQueue
                0x00000000       0x34 Source/queue.o
 .text.prvUnlockQueue
                0x00000000       0x98 Source/queue.o
 .text.xQueueGenericReset
                0x00000000       0x7a Source/queue.o
 .text.xQueueGenericCreate
                0x00000000       0x5c Source/queue.o
 .text.xQueueGenericSend
                0x00000000      0x138 Source/queue.o
 .text.xQueueGenericSendFromISR
                0x00000000       0x80 Source/queue.o
 .text.xQueueGenericReceive
                0x00000000      0x14e Source/queue.o
 .text.xQueueReceiveFromISR
                0x00000000       0x66 Source/queue.o
 .text.xQueuePeekFromISR
                0x00000000       0x2e Source/queue.o
 .text.uxQueueMessagesWaiting
                0x00000000       0x10 Source/queue.o
 .text.uxQueueSpacesAvailable
                0x00000000       0x14 Source/queue.o
 .text.uxQueueMessagesWaitingFromISR
                0x00000000        0x6 Source/queue.o
 .text.vQueueDelete
                0x00000000       0x1e Source/queue.o
 .text.xQueueIsQueueEmptyFromISR
                0x00000000        0xc Source/queue.o
 .text.xQueueIsQueueFullFromISR
                0x00000000        0xe Source/queue.o
 .debug_info    0x00000000      0xf1e Source/queue.o
 .debug_abbrev  0x00000000      0x2a5 Source/queue.o
 .debug_loc     0x00000000      0xfac Source/queue.o
 .debug_aranges
                0x00000000       0x98 Source/queue.o
 .debug_ranges  0x00000000       0x88 Source/queue.o
 .debug_line    0x00000000      0x3e4 Source/queue.o
 .debug_str     0x00000000      0x69f Source/queue.o
 .comment       0x00000000       0x31 Source/queue.o
 .debug_frame   0x00000000      0x210 Source/queue.o
 .text          0x00000000        0x0 Source/tasks.o
 .data          0x00000000        0x0 Source/tasks.o
 .bss           0x00000000        0x0 Source/tasks.o
 .text.vTaskEndScheduler
                0x00000000        0xc Source/tasks.o
 .text.xTaskGetTickCount
                0x00000000       0x14 Source/tasks.o
 .text.xTaskGetTickCountFromISR
                0x00000000        0xa Source/tasks.o
 .text.uxTaskGetNumberOfTasks
                0x00000000        0x6 Source/tasks.o
 .text.vTaskDelayUntil
                0x00000000       0x84 Source/tasks.o
 .text.vTaskPlaceOnEventList
                0x00000000       0x3c Source/tasks.o
 .text.vTaskPlaceOnUnorderedEventList
                0x00000000       0x48 Source/tasks.o
 .text.xTaskRemoveFromEventList
                0x00000000       0x90 Source/tasks.o
 .text.xTaskRemoveFromUnorderedEventList
                0x00000000       0x74 Source/tasks.o
 .text.vTaskSetTimeOutState
                0x00000000       0x16 Source/tasks.o
 .text.xTaskCheckForTimeOut
                0x00000000       0x64 Source/tasks.o
 .text.vTaskMissedYield
                0x00000000        0x8 Source/tasks.o
 .text.uxTaskResetEventItemValue
                0x00000000       0x2e Source/tasks.o
 .text          0x00000000        0x0 Source/timers.o
 .data          0x00000000        0x0 Source/timers.o
 .bss           0x00000000        0x0 Source/timers.o
 .debug_info    0x00000000       0x64 Source/timers.o
 .debug_abbrev  0x00000000       0x26 Source/timers.o
 .debug_aranges
                0x00000000       0x18 Source/timers.o
 .debug_line    0x00000000       0x1a Source/timers.o
 .debug_str     0x00000000      0x188 Source/timers.o
 .comment       0x00000000       0x31 Source/timers.o
 .text          0x00000000        0x0 c:/program files (x86)/atmel/studio/7.0/toolchain/avr8/avr8-gnu-toolchain/bin/../lib/gcc/avr/4.9.2/avrxmega6\libgcc.a(_exit.o)
 .data          0x00000000        0x0 c:/program files (x86)/atmel/studio/7.0/toolchain/avr8/avr8-gnu-toolchain/bin/../lib/gcc/avr/4.9.2/avrxmega6\libgcc.a(_exit.o)
 .bss           0x00000000        0x0 c:/program files (x86)/atmel/studio/7.0/toolchain/avr8/avr8-gnu-toolchain/bin/../lib/gcc/avr/4.9.2/avrxmega6\libgcc.a(_exit.o)
 .text.libgcc.mul
                0x00000000        0x0 c:/program files (x86)/atmel/studio/7.0/toolchain/avr8/avr8-gnu-toolchain/bin/../lib/gcc/avr/4.9.2/avrxmega6\libgcc.a(_exit.o)
 .text.libgcc.div
                0x00000000        0x0 c:/program files (x86)/atmel/studio/7.0/toolchain/avr8/avr8-gnu-toolchain/bin/../lib/gcc/avr/4.9.2/avrxmega6\libgcc.a(_exit.o)
 .text.libgcc   0x00000000        0x0 c:/program files (x86)/atmel/studio/7.0/toolchain/avr8/avr8-gnu-toolchain/bin/../lib/gcc/avr/4.9.2/avrxmega6\libgcc.a(_exit.o)
 .text.libgcc.prologue
                0x00000000        0x0 c:/program files (x86)/atmel/studio/7.0/toolchain/avr8/avr8-gnu-toolchain/bin/../lib/gcc/avr/4.9.2/avrxmega6\libgcc.a(_exit.o)
 .text.libgcc.builtins
                0x00000000        0x0 c:/program files (x86)/atmel/studio/7.0/toolchain/avr8/avr8-gnu-toolchain/bin/../lib/gcc/avr/4.9.2/avrxmega6\libgcc.a(_exit.o)
 .text.libgcc.fmul
                0x00000000        0x0 c:/program files (x86)/atmel/studio/7.0/toolchain/avr8/avr8-gnu-toolchain/bin/../lib/gcc/avr/4.9.2/avrxmega6\libgcc.a(_exit.o)
 .text.libgcc.fixed
                0x00000000        0x0 c:/program files (x86)/atmel/studio/7.0/toolchain/avr8/avr8-gnu-toolchain/bin/../lib/gcc/avr/4.9.2/avrxmega6\libgcc.a(_exit.o)
 .text          0x00000000        0x0 c:/program files (x86)/atmel/studio/7.0/toolchain/avr8/avr8-gnu-toolchain/bin/../lib/gcc/avr/4.9.2/avrxmega6\libgcc.a(_copy_data.o)
 .data          0x00000000        0x0 c:/program files (x86)/atmel/studio/7.0/toolchain/avr8/avr8-gnu-toolchain/bin/../lib/gcc/avr/4.9.2/avrxmega6\libgcc.a(_copy_data.o)
 .bss           0x00000000        0x0 c:/program files (x86)/atmel/studio/7.0/toolchain/avr8/avr8-gnu-toolchain/bin/../lib/gcc/avr/4.9.2/avrxmega6\libgcc.a(_copy_data.o)
 .text.libgcc.mul
                0x00000000        0x0 c:/program files (x86)/atmel/studio/7.0/toolchain/avr8/avr8-gnu-toolchain/bin/../lib/gcc/avr/4.9.2/avrxmega6\libgcc.a(_copy_data.o)
 .text.libgcc.div
                0x00000000        0x0 c:/program files (x86)/atmel/studio/7.0/toolchain/avr8/avr8-gnu-toolchain/bin/../lib/gcc/avr/4.9.2/avrxmega6\libgcc.a(_copy_data.o)
 .text.libgcc   0x00000000        0x0 c:/program files (x86)/atmel/studio/7.0/toolchain/avr8/avr8-gnu-toolchain/bin/../lib/gcc/avr/4.9.2/avrxmega6\libgcc.a(_copy_data.o)
 .text.libgcc.prologue
                0x00000000        0x0 c:/program files (x86)/atmel/studio/7.0/toolchain/avr8/avr8-gnu-toolchain/bin/../lib/gcc/avr/4.9.2/avrxmega6\libgcc.a(_copy_data.o)
 .text.libgcc.builtins
                0x00000000        0x0 c:/program files (x86)/atmel/studio/7.0/toolchain/avr8/avr8-gnu-toolchain/bin/../lib/gcc/avr/4.9.2/avrxmega6\libgcc.a(_copy_data.o)
 .text.libgcc.fmul
                0x00000000        0x0 c:/program files (x86)/atmel/studio/7.0/toolchain/avr8/avr8-gnu-toolchain/bin/../lib/gcc/avr/4.9.2/avrxmega6\libgcc.a(_copy_data.o)
 .text.libgcc.fixed
                0x00000000        0x0 c:/program files (x86)/atmel/studio/7.0/toolchain/avr8/avr8-gnu-toolchain/bin/../lib/gcc/avr/4.9.2/avrxmega6\libgcc.a(_copy_data.o)
 .text          0x00000000        0x0 c:/program files (x86)/atmel/studio/7.0/toolchain/avr8/avr8-gnu-toolchain/bin/../lib/gcc/avr/4.9.2/avrxmega6\libgcc.a(_clear_bss.o)
 .data          0x00000000        0x0 c:/program files (x86)/atmel/studio/7.0/toolchain/avr8/avr8-gnu-toolchain/bin/../lib/gcc/avr/4.9.2/avrxmega6\libgcc.a(_clear_bss.o)
 .bss           0x00000000        0x0 c:/program files (x86)/atmel/studio/7.0/toolchain/avr8/avr8-gnu-toolchain/bin/../lib/gcc/avr/4.9.2/avrxmega6\libgcc.a(_clear_bss.o)
 .text.libgcc.mul
                0x00000000        0x0 c:/program files (x86)/atmel/studio/7.0/toolchain/avr8/avr8-gnu-toolchain/bin/../lib/gcc/avr/4.9.2/avrxmega6\libgcc.a(_clear_bss.o)
 .text.libgcc.div
                0x00000000        0x0 c:/program files (x86)/atmel/studio/7.0/toolchain/avr8/avr8-gnu-toolchain/bin/../lib/gcc/avr/4.9.2/avrxmega6\libgcc.a(_clear_bss.o)
 .text.libgcc   0x00000000        0x0 c:/program files (x86)/atmel/studio/7.0/toolchain/avr8/avr8-gnu-toolchain/bin/../lib/gcc/avr/4.9.2/avrxmega6\libgcc.a(_clear_bss.o)
 .text.libgcc.prologue
                0x00000000        0x0 c:/program files (x86)/atmel/studio/7.0/toolchain/avr8/avr8-gnu-toolchain/bin/../lib/gcc/avr/4.9.2/avrxmega6\libgcc.a(_clear_bss.o)
 .text.libgcc.builtins
                0x00000000        0x0 c:/program files (x86)/atmel/studio/7.0/toolchain/avr8/avr8-gnu-toolchain/bin/../lib/gcc/avr/4.9.2/avrxmega6\libgcc.a(_clear_bss.o)
 .text.libgcc.fmul
                0x00000000        0x0 c:/program files (x86)/atmel/studio/7.0/toolchain/avr8/avr8-gnu-toolchain/bin/../lib/gcc/avr/4.9.2/avrxmega6\libgcc.a(_clear_bss.o)
 .text.libgcc.fixed
                0x00000000        0x0 c:/program files (x86)/atmel/studio/7.0/toolchain/avr8/avr8-gnu-toolchain/bin/../lib/gcc/avr/4.9.2/avrxmega6\libgcc.a(_clear_bss.o)
 .text          0x00000000        0x0 c:/program files (x86)/atmel/studio/7.0/toolchain/avr8/avr8-gnu-toolchain/bin/../lib/gcc/avr/4.9.2/../../../../avr/lib/avrxmega6\libc.a(memcpy.o)
 .data          0x00000000        0x0 c:/program files (x86)/atmel/studio/7.0/toolchain/avr8/avr8-gnu-toolchain/bin/../lib/gcc/avr/4.9.2/../../../../avr/lib/avrxmega6\libc.a(memcpy.o)
 .bss           0x00000000        0x0 c:/program files (x86)/atmel/studio/7.0/toolchain/avr8/avr8-gnu-toolchain/bin/../lib/gcc/avr/4.9.2/../../../../avr/lib/avrxmega6\libc.a(memcpy.o)
 .text.avr-libc
                0x00000000       0x12 c:/program files (x86)/atmel/studio/7.0/toolchain/avr8/avr8-gnu-toolchain/bin/../lib/gcc/avr/4.9.2/../../../../avr/lib/avrxmega6\libc.a(memcpy.o)

Memory Configuration

Name             Origin             Length             Attributes
text             0x00000000         0x00100000         xr
data             0x00802000         0x0000ffa0         rw !x
eeprom           0x00810000         0x00010000         rw !x
fuse             0x00820000         0x00000400         rw !x
lock             0x00830000         0x00000400         rw !x
signature        0x00840000         0x00000400         rw !x
user_signatures  0x00850000         0x00000400         rw !x
*default*        0x00000000         0xffffffff

Linker script and memory map

LOAD C:/Program Files (x86)/Atmel/Studio/7.0/Packs/atmel/XMEGAC_DFP/1.0.29/gcc/dev/atxmega384c3/avrxmega6/crtatxmega384c3.o
LOAD main.o
LOAD Source/croutine.o
LOAD Source/event_groups.o
LOAD Source/include/portable/GCC/ATMega323/pmic_driver.o
LOAD Source/include/portable/GCC/ATMega323/port.o
LOAD Source/include/portable/GCC/ATMega323/TC_driver.o
LOAD Source/include/portable/MemMang/heap_1.o
LOAD Source/list.o
LOAD Source/queue.o
LOAD Source/tasks.o
LOAD Source/timers.o
START GROUP
LOAD c:/program files (x86)/atmel/studio/7.0/toolchain/avr8/avr8-gnu-toolchain/bin/../lib/gcc/avr/4.9.2/../../../../avr/lib/avrxmega6\libm.a
END GROUP
START GROUP
LOAD c:/program files (x86)/atmel/studio/7.0/toolchain/avr8/avr8-gnu-toolchain/bin/../lib/gcc/avr/4.9.2/avrxmega6\libgcc.a
LOAD c:/program files (x86)/atmel/studio/7.0/toolchain/avr8/avr8-gnu-toolchain/bin/../lib/gcc/avr/4.9.2/../../../../avr/lib/avrxmega6\libm.a
LOAD c:/program files (x86)/atmel/studio/7.0/toolchain/avr8/avr8-gnu-toolchain/bin/../lib/gcc/avr/4.9.2/../../../../avr/lib/avrxmega6\libc.a
LOAD C:/Program Files (x86)/Atmel/Studio/7.0/Packs/atmel/XMEGAC_DFP/1.0.29/gcc/dev/atxmega384c3/avrxmega6\libatxmega384c3.a
END GROUP

.hash
 *(.hash)

.dynsym
 *(.dynsym)

.dynstr
 *(.dynstr)

.gnu.version
 *(.gnu.version)

.gnu.version_d
 *(.gnu.version_d)

.gnu.version_r
 *(.gnu.version_r)

.rel.init
 *(.rel.init)

.rela.init
 *(.rela.init)

.rel.text
 *(.rel.text)
 *(.rel.text.*)
 *(.rel.gnu.linkonce.t*)

.rela.text
 *(.rela.text)
 *(.rela.text.*)
 *(.rela.gnu.linkonce.t*)

.rel.fini
 *(.rel.fini)

.rela.fini
 *(.rela.fini)

.rel.rodata
 *(.rel.rodata)
 *(.rel.rodata.*)
 *(.rel.gnu.linkonce.r*)

.rela.rodata
 *(.rela.rodata)
 *(.rela.rodata.*)
 *(.rela.gnu.linkonce.r*)

.rel.data
 *(.rel.data)
 *(.rel.data.*)
 *(.rel.gnu.linkonce.d*)

.rela.data
 *(.rela.data)
 *(.rela.data.*)
 *(.rela.gnu.linkonce.d*)

.rel.ctors
 *(.rel.ctors)

.rela.ctors
 *(.rela.ctors)

.rel.dtors
 *(.rel.dtors)

.rela.dtors
 *(.rela.dtors)

.rel.got
 *(.rel.got)

.rela.got
 *(.rela.got)

.rel.bss
 *(.rel.bss)

.rela.bss
 *(.rela.bss)

.rel.plt
 *(.rel.plt)

.rela.plt
 *(.rela.plt)

.text           0x00000000      0xe44
 *(.vectors)
 .vectors       0x00000000      0x1fc C:/Program Files (x86)/Atmel/Studio/7.0/Packs/atmel/XMEGAC_DFP/1.0.29/gcc/dev/atxmega384c3/avrxmega6/crtatxmega384c3.o
                0x00000000                __vector_default
                0x00000000                __vectors
 *(.vectors)
 *(.progmem.gcc*)
                0x000001fc                . = ALIGN (0x2)
                0x000001fc                __trampolines_start = .
 *(.trampolines)
 .trampolines   0x000001fc       0x10 linker stubs
 *(.trampolines*)
                0x0000020c                __trampolines_end = .
 *(.progmem*)
                0x0000020c                . = ALIGN (0x2)
 *(.jumptables)
 *(.jumptables*)
 *(.lowtext)
 *(.lowtext*)
                0x0000020c                __ctors_start = .
 *(.ctors)
                0x0000020c                __ctors_end = .
                0x0000020c                __dtors_start = .
 *(.dtors)
                0x0000020c                __dtors_end = .
 SORT(*)(.ctors)
 SORT(*)(.dtors)
 *(.init0)
 .init0         0x0000020c        0x0 C:/Program Files (x86)/Atmel/Studio/7.0/Packs/atmel/XMEGAC_DFP/1.0.29/gcc/dev/atxmega384c3/avrxmega6/crtatxmega384c3.o
                0x0000020c                __init
 *(.init0)
 *(.init1)
 *(.init1)
 *(.init2)
 .init2         0x0000020c       0x10 C:/Program Files (x86)/Atmel/Studio/7.0/Packs/atmel/XMEGAC_DFP/1.0.29/gcc/dev/atxmega384c3/avrxmega6/crtatxmega384c3.o
 *(.init2)
 *(.init3)
 *(.init3)
 *(.init4)
 .init4         0x0000021c       0x1a c:/program files (x86)/atmel/studio/7.0/toolchain/avr8/avr8-gnu-toolchain/bin/../lib/gcc/avr/4.9.2/avrxmega6\libgcc.a(_copy_data.o)
                0x0000021c                __do_copy_data
 .init4         0x00000236       0x10 c:/program files (x86)/atmel/studio/7.0/toolchain/avr8/avr8-gnu-toolchain/bin/../lib/gcc/avr/4.9.2/avrxmega6\libgcc.a(_clear_bss.o)
                0x00000236                __do_clear_bss
 *(.init4)
 *(.init5)
 *(.init5)
 *(.init6)
 *(.init6)
 *(.init7)
 *(.init7)
 *(.init8)
 *(.init8)
 *(.init9)
 .init9         0x00000246        0x8 C:/Program Files (x86)/Atmel/Studio/7.0/Packs/atmel/XMEGAC_DFP/1.0.29/gcc/dev/atxmega384c3/avrxmega6/crtatxmega384c3.o
 *(.init9)
 *(.text)
 .text          0x0000024e        0x4 C:/Program Files (x86)/Atmel/Studio/7.0/Packs/atmel/XMEGAC_DFP/1.0.29/gcc/dev/atxmega384c3/avrxmega6/crtatxmega384c3.o
                0x0000024e                __vector_38
                0x0000024e                __vector_104
                0x0000024e                __vector_22
                0x0000024e                __vector_63
                0x0000024e                __vector_28
                0x0000024e                __vector_67
                0x0000024e                __vector_1
                0x0000024e                __vector_119
                0x0000024e                __vector_32
                0x0000024e                __vector_75
                0x0000024e                __vector_71
                0x0000024e                __vector_91
                0x0000024e                __vector_34
                0x0000024e                __vector_62
                0x0000024e                __vector_77
                0x0000024e                __vector_102
                0x0000024e                __vector_24
                0x0000024e                __vector_12
                0x0000024e                __vector_55
                0x0000024e                __vector_69
                0x0000024e                __vector_81
                0x0000024e                __vector_90
                0x0000024e                __vector_46
                0x0000024e                __bad_interrupt
                0x0000024e                __vector_122
                0x0000024e                __vector_72
                0x0000024e                __vector_114
                0x0000024e                __vector_6
                0x0000024e                __vector_110
                0x0000024e                __vector_31
                0x0000024e                __vector_92
                0x0000024e                __vector_35
                0x0000024e                __vector_78
                0x0000024e                __vector_74
                0x0000024e                __vector_117
                0x0000024e                __vector_39
                0x0000024e                __vector_107
                0x0000024e                __vector_3
                0x0000024e                __vector_105
                0x0000024e                __vector_98
                0x0000024e                __vector_23
                0x0000024e                __vector_68
                0x0000024e                __vector_30
                0x0000024e                __vector_73
                0x0000024e                __vector_45
                0x0000024e                __vector_25
                0x0000024e                __vector_93
                0x0000024e                __vector_61
                0x0000024e                __vector_11
                0x0000024e                __vector_54
                0x0000024e                __vector_99
                0x0000024e                __vector_13
                0x0000024e                __vector_17
                0x0000024e                __vector_19
                0x0000024e                __vector_56
                0x0000024e                __vector_7
                0x0000024e                __vector_125
                0x0000024e                __vector_49
                0x0000024e                __vector_123
                0x0000024e                __vector_41
                0x0000024e                __vector_86
                0x0000024e                __vector_100
                0x0000024e                __vector_101
                0x0000024e                __vector_64
                0x0000024e                __vector_88
                0x0000024e                __vector_109
                0x0000024e                __vector_43
                0x0000024e                __vector_27
                0x0000024e                __vector_5
                0x0000024e                __vector_113
                0x0000024e                __vector_33
                0x0000024e                __vector_76
                0x0000024e                __vector_115
                0x0000024e                __vector_47
                0x0000024e                __vector_52
                0x0000024e                __vector_37
                0x0000024e                __vector_95
                0x0000024e                __vector_103
                0x0000024e                __vector_96
                0x0000024e                __vector_89
                0x0000024e                __vector_108
                0x0000024e                __vector_4
                0x0000024e                __vector_44
                0x0000024e                __vector_82
                0x0000024e                __vector_106
                0x0000024e                __vector_118
                0x0000024e                __vector_51
                0x0000024e                __vector_9
                0x0000024e                __vector_2
                0x0000024e                __vector_21
                0x0000024e                __vector_15
                0x0000024e                __vector_66
                0x0000024e                __vector_36
                0x0000024e                __vector_79
                0x0000024e                __vector_58
                0x0000024e                __vector_70
                0x0000024e                __vector_83
                0x0000024e                __vector_29
                0x0000024e                __vector_60
                0x0000024e                __vector_121
                0x0000024e                __vector_40
                0x0000024e                __vector_85
                0x0000024e                __vector_94
                0x0000024e                __vector_126
                0x0000024e                __vector_8
                0x0000024e                __vector_26
                0x0000024e                __vector_48
                0x0000024e                __vector_124
                0x0000024e                __vector_116
                0x0000024e                __vector_112
                0x0000024e                __vector_111
                0x0000024e                __vector_80
                0x0000024e                __vector_84
                0x0000024e                __vector_57
                0x0000024e                __vector_53
                0x0000024e                __vector_10
                0x0000024e                __vector_50
                0x0000024e                __vector_16
                0x0000024e                __vector_59
                0x0000024e                __vector_18
                0x0000024e                __vector_97
                0x0000024e                __vector_20
                0x0000024e                __vector_42
                0x0000024e                __vector_87
                0x0000024e                __vector_65
                0x0000024e                __vector_120
                0x00000252                . = ALIGN (0x2)
 *(.text.*)
 .text.thread_1
                0x00000252       0x28 main.o
                0x00000252                thread_1
 .text.thread_2
                0x0000027a       0x28 main.o
                0x0000027a                thread_2
 .text.thread_3
                0x000002a2       0x28 main.o
                0x000002a2                thread_3
 .text.main     0x000002ca       0x62 main.o
                0x000002ca                main
 .text.pxPortInitialiseStack
                0x0000032c       0xdc Source/include/portable/GCC/ATMega323/port.o
                0x0000032c                pxPortInitialiseStack
 .text.xPortStartScheduler
                0x00000408       0x84 Source/include/portable/GCC/ATMega323/port.o
                0x00000408                xPortStartScheduler
 .text.vPortYield
                0x0000048c       0xb2 Source/include/portable/GCC/ATMega323/port.o
                0x0000048c                vPortYield
 .text.vPortYieldFromTick
                0x0000053e       0xb8 Source/include/portable/GCC/ATMega323/port.o
                0x0000053e                vPortYieldFromTick
 .text.__vector_14
                0x000005f6        0x6 Source/include/portable/GCC/ATMega323/port.o
                0x000005f6                __vector_14
 .text.TC0_ConfigClockSource
                0x000005fc        0xc Source/include/portable/GCC/ATMega323/TC_driver.o
                0x000005fc                TC0_ConfigClockSource
 .text.TC0_SetOverflowIntLevel
                0x00000608        0xc Source/include/portable/GCC/ATMega323/TC_driver.o
                0x00000608                TC0_SetOverflowIntLevel
 .text.pvPortMalloc
                0x00000614       0x6a Source/include/portable/MemMang/heap_1.o
                0x00000614                pvPortMalloc
 .text.vPortFree
                0x0000067e        0x2 Source/include/portable/MemMang/heap_1.o
                0x0000067e                vPortFree
 .text.vListInitialise
                0x00000680       0x1c Source/list.o
                0x00000680                vListInitialise
 .text.vListInitialiseItem
                0x0000069c        0x8 Source/list.o
                0x0000069c                vListInitialiseItem
 .text.vListInsertEnd
                0x000006a4       0x42 Source/list.o
                0x000006a4                vListInsertEnd
 .text.vListInsert
                0x000006e6       0x62 Source/list.o
                0x000006e6                vListInsert
 .text.uxListRemove
                0x00000748       0x4c Source/list.o
                0x00000748                uxListRemove
 .text.prvIdleTask
                0x00000794        0x2 Source/tasks.o
 .text.prvAddCurrentTaskToDelayedList
                0x00000796       0x6e Source/tasks.o
 .text.xTaskGenericCreate
                0x00000804      0x210 Source/tasks.o
                0x00000804                xTaskGenericCreate
 .text.vTaskStartScheduler
                0x00000a14       0x56 Source/tasks.o
                0x00000a14                vTaskStartScheduler
 .text.vTaskSuspendAll
                0x00000a6a        0xc Source/tasks.o
                0x00000a6a                vTaskSuspendAll
 .text.xTaskIncrementTick
                0x00000a76      0x1ac Source/tasks.o
                0x00000a76                xTaskIncrementTick
 .text.xTaskResumeAll
                0x00000c22      0x104 Source/tasks.o
                0x00000c22                xTaskResumeAll
 .text.vTaskDelay
                0x00000d26       0x40 Source/tasks.o
                0x00000d26                vTaskDelay
 .text.vTaskSwitchContext
                0x00000d66       0xda Source/tasks.o
                0x00000d66                vTaskSwitchContext
                0x00000e40                . = ALIGN (0x2)
 *(.fini9)
 .fini9         0x00000e40        0x0 c:/program files (x86)/atmel/studio/7.0/toolchain/avr8/avr8-gnu-toolchain/bin/../lib/gcc/avr/4.9.2/avrxmega6\libgcc.a(_exit.o)
                0x00000e40                _exit
                0x00000e40                exit
 *(.fini9)
 *(.fini8)
 *(.fini8)
 *(.fini7)
 *(.fini7)
 *(.fini6)
 *(.fini6)
 *(.fini5)
 *(.fini5)
 *(.fini4)
 *(.fini4)
 *(.fini3)
 *(.fini3)
 *(.fini2)
 *(.fini2)
 *(.fini1)
 *(.fini1)
 *(.fini0)
 .fini0         0x00000e40        0x4 c:/program files (x86)/atmel/studio/7.0/toolchain/avr8/avr8-gnu-toolchain/bin/../lib/gcc/avr/4.9.2/avrxmega6\libgcc.a(_exit.o)
 *(.fini0)
                0x00000e44                _etext = .

.data           0x00802000       0x10 load address 0x00000e44
                0x00802000                PROVIDE (__data_start, .)
 *(.data)
 *(.data*)
 .data.xNextTaskUnblockTime
                0x00802000        0x2 Source/tasks.o
 *(.rodata)
 *(.rodata*)
 .rodata.str1.1
                0x00802002        0x9 main.o
 .rodata.str1.1
                0x0080200b        0x5 Source/tasks.o
 *(.gnu.linkonce.d*)
                0x00802010                . = ALIGN (0x2)
                0x00802010                _edata = .
                0x00802010                PROVIDE (__data_end, .)

.bss            0x00802010      0x3ab
                0x00802010                PROVIDE (__bss_start, .)
 *(.bss)
 *(.bss*)
 .bss.t3var     0x00802010        0x2 main.o
                0x00802010                t3var
 .bss.t2var     0x00802012        0x2 main.o
                0x00802012                t2var
 .bss.t1var     0x00802014        0x2 main.o
                0x00802014                t1var
 .bss.pucAlignedHeap.3801
                0x00802016        0x2 Source/include/portable/MemMang/heap_1.o
 .bss.xNextFreeByte
                0x00802018        0x2 Source/include/portable/MemMang/heap_1.o
 .bss.ucHeap    0x0080201a      0x352 Source/include/portable/MemMang/heap_1.o
 .bss.uxSchedulerSuspended
                0x0080236c        0x1 Source/tasks.o
 .bss.uxTaskNumber
                0x0080236d        0x1 Source/tasks.o
 .bss.xNumOfOverflows
                0x0080236e        0x1 Source/tasks.o
 .bss.xYieldPending
                0x0080236f        0x1 Source/tasks.o
 .bss.uxPendedTicks
                0x00802370        0x1 Source/tasks.o
 .bss.xSchedulerRunning
                0x00802371        0x1 Source/tasks.o
 .bss.uxTopReadyPriority
                0x00802372        0x1 Source/tasks.o
 .bss.xTickCount
                0x00802373        0x2 Source/tasks.o
 .bss.uxCurrentNumberOfTasks
                0x00802375        0x1 Source/tasks.o
 .bss.xPendingReadyList
                0x00802376        0x9 Source/tasks.o
 .bss.pxOverflowDelayedTaskList
                0x0080237f        0x2 Source/tasks.o
 .bss.pxDelayedTaskList
                0x00802381        0x2 Source/tasks.o
 .bss.xDelayedTaskList2
                0x00802383        0x9 Source/tasks.o
 .bss.xDelayedTaskList1
                0x0080238c        0x9 Source/tasks.o
 .bss.pxReadyTasksLists
                0x00802395       0x24 Source/tasks.o
 .bss.pxCurrentTCB
                0x008023b9        0x2 Source/tasks.o
                0x008023b9                pxCurrentTCB
 *(COMMON)
                0x008023bb                PROVIDE (__bss_end, .)
                0x00000e44                __data_load_start = LOADADDR (.data)
                0x00000e54                __data_load_end = (__data_load_start + SIZEOF (.data))

.noinit         0x008023bb        0x0
                0x008023bb                PROVIDE (__noinit_start, .)
 *(.noinit*)
                0x008023bb                PROVIDE (__noinit_end, .)
                0x008023bb                _end = .
                0x008023bb                PROVIDE (__heap_start, .)

.eeprom         0x00810000        0x0
 *(.eeprom*)
                0x00810000                __eeprom_end = .

.fuse
 *(.fuse)
 *(.lfuse)
 *(.hfuse)
 *(.efuse)

.lock
 *(.lock*)

.signature
 *(.signature*)

.user_signatures
 *(.user_signatures*)

.stab
 *(.stab)

.stabstr
 *(.stabstr)

.stab.excl
 *(.stab.excl)

.stab.exclstr
 *(.stab.exclstr)

.stab.index
 *(.stab.index)

.stab.indexstr
 *(.stab.indexstr)

.comment        0x00000000       0x30
 *(.comment)
 .comment       0x00000000       0x30 main.o
                                 0x31 (size before relaxing)
 .comment       0x00000030       0x31 Source/include/portable/GCC/ATMega323/port.o
 .comment       0x00000030       0x31 Source/include/portable/GCC/ATMega323/TC_driver.o
 .comment       0x00000030       0x31 Source/include/portable/MemMang/heap_1.o
 .comment       0x00000030       0x31 Source/list.o
 .comment       0x00000030       0x31 Source/tasks.o

.note.gnu.avr.deviceinfo
                0x00000000       0x40
 .note.gnu.avr.deviceinfo
                0x00000000       0x40 C:/Program Files (x86)/Atmel/Studio/7.0/Packs/atmel/XMEGAC_DFP/1.0.29/gcc/dev/atxmega384c3/avrxmega6/crtatxmega384c3.o

.note.gnu.build-id
 *(.note.gnu.build-id)

.debug
 *(.debug)

.line
 *(.line)

.debug_srcinfo
 *(.debug_srcinfo)

.debug_sfnames
 *(.debug_sfnames)

.debug_aranges  0x00000000      0x288
 *(.debug_aranges)
 .debug_aranges
                0x00000000       0x38 main.o
 .debug_aranges
                0x00000038       0x48 Source/include/portable/GCC/ATMega323/port.o
 .debug_aranges
                0x00000080       0xc8 Source/include/portable/GCC/ATMega323/TC_driver.o
 .debug_aranges
                0x00000148       0x38 Source/include/portable/MemMang/heap_1.o
 .debug_aranges
                0x00000180       0x40 Source/list.o
 .debug_aranges
                0x000001c0       0xc8 Source/tasks.o

.debug_pubnames
 *(.debug_pubnames)

.debug_info     0x00000000     0x3901
 *(.debug_info .gnu.linkonce.wi.*)
 .debug_info    0x00000000      0x5bd main.o
 .debug_info    0x000005bd      0xa36 Source/include/portable/GCC/ATMega323/port.o
 .debug_info    0x00000ff3     0x12e1 Source/include/portable/GCC/ATMega323/TC_driver.o
 .debug_info    0x000022d4      0x1ad Source/include/portable/MemMang/heap_1.o
 .debug_info    0x00002481      0x2cd Source/list.o
 .debug_info    0x0000274e     0x11b3 Source/tasks.o

.debug_abbrev   0x00000000      0xa7b
 *(.debug_abbrev)
 .debug_abbrev  0x00000000      0x18c main.o
 .debug_abbrev  0x0000018c      0x223 Source/include/portable/GCC/ATMega323/port.o
 .debug_abbrev  0x000003af      0x185 Source/include/portable/GCC/ATMega323/TC_driver.o
 .debug_abbrev  0x00000534      0x12e Source/include/portable/MemMang/heap_1.o
 .debug_abbrev  0x00000662       0xf8 Source/list.o
 .debug_abbrev  0x0000075a      0x321 Source/tasks.o

.debug_line     0x00000000      0xe6a
 *(.debug_line .debug_line.* .debug_line_end)
 .debug_line    0x00000000      0x1e3 main.o
 .debug_line    0x000001e3      0x20b Source/include/portable/GCC/ATMega323/port.o
 .debug_line    0x000003ee      0x294 Source/include/portable/GCC/ATMega323/TC_driver.o
 .debug_line    0x00000682      0x1ca Source/include/portable/MemMang/heap_1.o
 .debug_line    0x0000084c      0x160 Source/list.o
 .debug_line    0x000009ac      0x4be Source/tasks.o

.debug_frame    0x00000000      0x5cc
 *(.debug_frame)
 .debug_frame   0x00000000       0x54 main.o
 .debug_frame   0x00000054       0x74 Source/include/portable/GCC/ATMega323/port.o
 .debug_frame   0x000000c8      0x174 Source/include/portable/GCC/ATMega323/TC_driver.o
 .debug_frame   0x0000023c       0x60 Source/include/portable/MemMang/heap_1.o
 .debug_frame   0x0000029c       0x88 Source/list.o
 .debug_frame   0x00000324      0x2a8 Source/tasks.o

.debug_str      0x00000000     0x163f
 *(.debug_str)
 .debug_str     0x00000000      0x331 main.o
                                0x375 (size before relaxing)
 .debug_str     0x00000331      0x5d5 Source/include/portable/GCC/ATMega323/port.o
                                0x7db (size before relaxing)
 .debug_str     0x00000906      0x67c Source/include/portable/GCC/ATMega323/TC_driver.o
                                0xc67 (size before relaxing)
 .debug_str     0x00000f82       0xcd Source/include/portable/MemMang/heap_1.o
                                0x25e (size before relaxing)
 .debug_str     0x0000104f      0x12e Source/list.o
                                0x2c9 (size before relaxing)
 .debug_str     0x0000117d      0x4c2 Source/tasks.o
                                0x8de (size before relaxing)

.debug_loc      0x00000000     0x1647
 *(.debug_loc)
 .debug_loc     0x00000000       0x72 main.o
 .debug_loc     0x00000072      0x281 Source/include/portable/GCC/ATMega323/port.o
 .debug_loc     0x000002f3      0x336 Source/include/portable/GCC/ATMega323/TC_driver.o
 .debug_loc     0x00000629       0xf1 Source/include/portable/MemMang/heap_1.o
 .debug_loc     0x0000071a      0x145 Source/list.o
 .debug_loc     0x0000085f      0xde8 Source/tasks.o

.debug_macinfo
 *(.debug_macinfo)

.debug_weaknames
 *(.debug_weaknames)

.debug_funcnames
 *(.debug_funcnames)

.debug_typenames
 *(.debug_typenames)

.debug_varnames
 *(.debug_varnames)

.debug_pubtypes
 *(.debug_pubtypes)

.debug_ranges   0x00000000      0x270
 *(.debug_ranges)
 .debug_ranges  0x00000000       0x28 main.o
 .debug_ranges  0x00000028       0x38 Source/include/portable/GCC/ATMega323/port.o
 .debug_ranges  0x00000060       0xb8 Source/include/portable/GCC/ATMega323/TC_driver.o
 .debug_ranges  0x00000118       0x28 Source/include/portable/MemMang/heap_1.o
 .debug_ranges  0x00000140       0x30 Source/list.o
 .debug_ranges  0x00000170      0x100 Source/tasks.o

.debug_macro
 *(.debug_macro)
OUTPUT(XmegaFreeRTOS.elf elf32-avr)
LOAD linker stubs
